V3.0 pipeline | z_strategy=fixed, z_base=3.5, z_norm=rolling
Folds: 6 | out_dir=d:\Quant Finance\Quant Program\Week 6\results\v3\cmp_rolling
Loading data caches...
  loaded 528 1-min + 528 5-min tickers in 35.1s

  Fold 01 [2022-07]: slicing formation 5-min cache for 2022-01-03 -> 2022-06-30
  Fold 01 [2022-07]: formation data: 510 tickers ready
  [discovery] starting fold 2022-01-03 -> 2022-06-30
  [discovery] loaded 510 formation tickers
  [discovery] hard screens: 500 survivors
  [discovery] fitting factor model (PCA via SVD)...
  [discovery] running pairwise Johansen on 500 tickers (124750 pairs)...
  [discovery] pairwise tests done: 124750 pairs passed overlap+PCA+Johansen
WARNING FALLBACK CAP: kept top 500 pairs by Johansen p-value
  Fold 01 [2022-07]: discovery: 198 pairs (after beta>0 filter), factor cum_var=0.619
  Fold 01 [2022-07]: persistence gate: 26 pairs
  Fold 01 [2022-07]: trading data: 500 residual ticker series
  Fold 01 [2022-07]: complete in 91.0s -- n_trades=38, sharpe=2.780, total_return=0.0115
  Fold 02 [2022-08]: slicing formation 5-min cache for 2022-02-01 -> 2022-07-31
  Fold 02 [2022-08]: formation data: 510 tickers ready
  [discovery] starting fold 2022-02-01 -> 2022-07-31
  [discovery] loaded 510 formation tickers
  [discovery] hard screens: 501 survivors
  [discovery] fitting factor model (PCA via SVD)...
  [discovery] running pairwise Johansen on 501 tickers (125250 pairs)...
  [discovery] pairwise tests done: 125250 pairs passed overlap+PCA+Johansen
WARNING FALLBACK CAP: kept top 500 pairs by Johansen p-value
  Fold 02 [2022-08]: discovery: 217 pairs (after beta>0 filter), factor cum_var=0.688
  Fold 02 [2022-08]: persistence gate: 20 pairs
  Fold 02 [2022-08]: trading data: 501 residual ticker series
  Fold 02 [2022-08]: complete in 87.2s -- n_trades=35, sharpe=-5.196, total_return=-0.0036
  Fold 03 [2022-09]: slicing formation 5-min cache for 2022-03-01 -> 2022-08-31
  Fold 03 [2022-09]: formation data: 510 tickers ready
  [discovery] starting fold 2022-03-01 -> 2022-08-31
  [discovery] loaded 510 formation tickers
  [discovery] hard screens: 500 survivors
  [discovery] fitting factor model (PCA via SVD)...
  [discovery] running pairwise Johansen on 500 tickers (124750 pairs)...
  [discovery] pairwise tests done: 124750 pairs passed overlap+PCA+Johansen
WARNING FALLBACK CAP: kept top 500 pairs by Johansen p-value
  Fold 03 [2022-09]: discovery: 199 pairs (after beta>0 filter), factor cum_var=0.668
  Fold 03 [2022-09]: persistence gate: 21 pairs
  Fold 03 [2022-09]: trading data: 500 residual ticker series
  Fold 03 [2022-09]: complete in 86.8s -- n_trades=52, sharpe=-10.042, total_return=-0.0073
  Fold 04 [2022-10]: slicing formation 5-min cache for 2022-04-01 -> 2022-09-30
  Fold 04 [2022-10]: formation data: 510 tickers ready
  [discovery] starting fold 2022-04-01 -> 2022-09-30
  [discovery] loaded 510 formation tickers
  [discovery] hard screens: 501 survivors
  [discovery] fitting factor model (PCA via SVD)...
  [discovery] running pairwise Johansen on 501 tickers (125250 pairs)...
  [discovery] pairwise tests done: 125250 pairs passed overlap+PCA+Johansen
WARNING FALLBACK CAP: kept top 500 pairs by Johansen p-value
  Fold 04 [2022-10]: discovery: 195 pairs (after beta>0 filter), factor cum_var=0.677
  Fold 04 [2022-10]: persistence gate: 26 pairs
  Fold 04 [2022-10]: trading data: 501 residual ticker series
  Fold 04 [2022-10]: complete in 85.0s -- n_trades=49, sharpe=5.041, total_return=0.0186
  Fold 05 [2022-11]: slicing formation 5-min cache for 2022-05-01 -> 2022-10-31
  Fold 05 [2022-11]: formation data: 510 tickers ready
  [discovery] starting fold 2022-05-01 -> 2022-10-31
  [discovery] loaded 510 formation tickers
  [discovery] hard screens: 502 survivors
  [discovery] fitting factor model (PCA via SVD)...
  [discovery] running pairwise Johansen on 502 tickers (125751 pairs)...
  [discovery] pairwise tests done: 125751 pairs passed overlap+PCA+Johansen
WARNING FALLBACK CAP: kept top 500 pairs by Johansen p-value
  Fold 05 [2022-11]: discovery: 170 pairs (after beta>0 filter), factor cum_var=0.683
  Fold 05 [2022-11]: persistence gate: 37 pairs
  Fold 05 [2022-11]: trading data: 502 residual ticker series
  Fold 05 [2022-11]: complete in 94.4s -- n_trades=71, sharpe=-3.575, total_return=-0.0337
  Fold 06 [2022-12]: slicing formation 5-min cache for 2022-06-01 -> 2022-11-30
  Fold 06 [2022-12]: formation data: 511 tickers ready
  [discovery] starting fold 2022-06-01 -> 2022-11-30
  [discovery] loaded 511 formation tickers
  [discovery] hard screens: 502 survivors
  [discovery] fitting factor model (PCA via SVD)...
  [discovery] running pairwise Johansen on 502 tickers (125751 pairs)...
  [discovery] pairwise tests done: 125751 pairs passed overlap+PCA+Johansen
WARNING FALLBACK CAP: kept top 500 pairs by Johansen p-value
  Fold 06 [2022-12]: discovery: 146 pairs (after beta>0 filter), factor cum_var=0.661
  Fold 06 [2022-12]: persistence gate: 34 pairs
  Fold 06 [2022-12]: trading data: 502 residual ticker series
  Fold 06 [2022-12]: complete in 97.5s -- n_trades=43, sharpe=-15.861, total_return=-0.0084

Wrote d:\Quant Finance\Quant Program\Week 6\results\v3\cmp_rolling\fold_metrics.csv (6 rows)
Wrote factor_loadings_per_fold.parquet (15030 rows)
