=== Carry-forward upper-bound audit ===

posthoc CSV: 3903 pair-fold records, folds 1..39

Loading daily cache...
  528 tickers loaded in 0.9s

  fold  1-> 2: total=  96 | eligible=  96 (100%) | p<0.05=  91 (95%) | p<0.01=  86 | p<0.001=  63 | 1.1s
  fold  2-> 3: total= 107 | eligible= 107 (100%) | p<0.05=  88 (82%) | p<0.01=  75 | p<0.001=  30 | 1.1s
  fold  3-> 4: total= 149 | eligible= 149 (100%) | p<0.05= 104 (70%) | p<0.01=  74 | p<0.001=  25 | 1.1s
  fold  4-> 5: total=  77 | eligible=  77 (100%) | p<0.05=  67 (87%) | p<0.01=  55 | p<0.001=  28 | 1.0s
  fold  5-> 6: total=  24 | eligible=  24 (100%) | p<0.05=  11 (46%) | p<0.01=   8 | p<0.001=   4 | 0.9s
  fold  6-> 7: total= 122 | eligible= 122 (100%) | p<0.05= 122 (100%) | p<0.01= 115 | p<0.001=  75 | 1.4s
  fold  7-> 8: total= 123 | eligible= 123 (100%) | p<0.05=  84 (68%) | p<0.01=  57 | p<0.001=  17 | 1.5s
  fold  8-> 9: total=   7 | eligible=   7 (100%) | p<0.05=   5 (71%) | p<0.01=   2 | p<0.001=   1 | 1.0s
  fold  9->10: total=  52 | eligible=  52 (100%) | p<0.05=  46 (88%) | p<0.01=  34 | p<0.001=  23 | 1.2s
  fold 10->11: total=  59 | eligible=  59 (100%) | p<0.05=  47 (80%) | p<0.01=  28 | p<0.001=   8 | 1.2s
  fold 11->12: total=  90 | eligible=  90 (100%) | p<0.05=  64 (71%) | p<0.01=  39 | p<0.001=  14 | 1.4s
  fold 12->13: total= 125 | eligible= 125 (100%) | p<0.05= 122 (98%) | p<0.01= 113 | p<0.001=  67 | 1.6s
  fold 13->14: total= 133 | eligible= 133 (100%) | p<0.05= 117 (88%) | p<0.01=  85 | p<0.001=  40 | 1.2s
  fold 14->15: total=  65 | eligible=  65 (100%) | p<0.05=  48 (74%) | p<0.01=  35 | p<0.001=  16 | 1.4s
  fold 15->16: total=  96 | eligible=  96 (100%) | p<0.05=  65 (68%) | p<0.01=  36 | p<0.001=  11 | 1.5s
  fold 16->17: total= 115 | eligible= 115 (100%) | p<0.05=  96 (83%) | p<0.01=  67 | p<0.001=  25 | 1.5s
  fold 17->18: total= 116 | eligible= 116 (100%) | p<0.05=  81 (70%) | p<0.01=  49 | p<0.001=  14 | 1.5s
  fold 18->19: total= 124 | eligible= 124 (100%) | p<0.05= 114 (92%) | p<0.01= 106 | p<0.001=  48 | 1.4s
  fold 19->20: total= 119 | eligible= 119 (100%) | p<0.05=  81 (68%) | p<0.01=  46 | p<0.001=  12 | 1.3s
  fold 20->21: total= 144 | eligible= 144 (100%) | p<0.05= 113 (78%) | p<0.01=  78 | p<0.001=  29 | 1.6s
  fold 21->22: total= 163 | eligible= 163 (100%) | p<0.05= 139 (85%) | p<0.01= 111 | p<0.001=  43 | 1.4s
  fold 22->23: total= 162 | eligible= 162 (100%) | p<0.05= 107 (66%) | p<0.01=  52 | p<0.001=  18 | 1.5s
  fold 23->24: total=  64 | eligible=  64 (100%) | p<0.05=  32 (50%) | p<0.01=  18 | p<0.001=   6 | 1.4s
  fold 24->25: total=  92 | eligible=  92 (100%) | p<0.05=  75 (82%) | p<0.01=  61 | p<0.001=  24 | 1.4s
  fold 25->26: total= 187 | eligible= 187 (100%) | p<0.05= 150 (80%) | p<0.01= 107 | p<0.001=  38 | 1.6s
  fold 26->27: total=  91 | eligible=  91 (100%) | p<0.05=  57 (63%) | p<0.01=  32 | p<0.001=  10 | 1.2s
  fold 27->28: total= 136 | eligible= 136 (100%) | p<0.05= 128 (94%) | p<0.01= 113 | p<0.001=  54 | 1.6s
  fold 28->29: total= 103 | eligible= 103 (100%) | p<0.05=  87 (84%) | p<0.01=  63 | p<0.001=  30 | 1.1s
  fold 29->30: total=  72 | eligible=  72 (100%) | p<0.05=  47 (65%) | p<0.01=  27 | p<0.001=  12 | 1.3s
  fold 30->31: total=  86 | eligible=  86 (100%) | p<0.05=  68 (79%) | p<0.01=  57 | p<0.001=  39 | 1.1s
  fold 31->32: total=  79 | eligible=  79 (100%) | p<0.05=  34 (43%) | p<0.01=  22 | p<0.001=   7 | 1.1s
  fold 32->33: total= 104 | eligible= 104 (100%) | p<0.05=  81 (78%) | p<0.01=  52 | p<0.001=  23 | 1.4s
  fold 33->34: total=  71 | eligible=  71 (100%) | p<0.05=  70 (99%) | p<0.01=  66 | p<0.001=  51 | 1.3s
  fold 34->35: total=  90 | eligible=  90 (100%) | p<0.05=  67 (74%) | p<0.01=  37 | p<0.001=  17 | 1.1s
  fold 35->36: total=  89 | eligible=  89 (100%) | p<0.05=  72 (81%) | p<0.01=  56 | p<0.001=  28 | 1.1s
  fold 36->37: total=   3 | eligible=   3 (100%) | p<0.05=   1 (33%) | p<0.01=   0 | p<0.001=   0 | 1.0s
  fold 37->38: total= 107 | eligible= 107 (100%) | p<0.05=  60 (56%) | p<0.01=  40 | p<0.001=  16 | 1.3s
  fold 38->39: total= 120 | eligible= 120 (100%) | p<0.05=  95 (79%) | p<0.01=  66 | p<0.001=  31 | 1.1s
  fold 39: no fold 40 — skip

Total elapsed: 49.1s

Wrote D:\Quant Finance\Quant Program\Week 6\results\v4\audit_carryforward_upper_bound.csv (3762 rows)

=== AGGREGATE RESULTS ===
Total pair-fold records              : 3762
Eligible (both tickers in N+1 univ)  : 3762 (100.0%)
Eligible AND Johansen ran            : 3762 (100.0% of total)

  p < 0.05    : 2936 of 3762 eligible (78.0%) | 78.0% of all selected
  p < 0.01    : 2168 of 3762 eligible (57.6%) | 57.6% of all selected
  p < 0.001   : 997 of 3762 eligible (26.5%) | 26.5% of all selected

  median pval_n+1 : 0.0056
  mean   pval_n+1 : 0.0535

=== Per-fold pass rate (p<0.05 of eligible) ===
fold_n
1      94.8
2      82.2
3      69.8
4      87.0
5      45.8
6     100.0
7      68.3
8      71.4
9      88.5
10     79.7
11     71.1
12     97.6
13     88.0
14     73.8
15     67.7
16     83.5
17     69.8
18     91.9
19     68.1
20     78.5
21     85.3
22     66.0
23     50.0
24     81.5
25     80.2
26     62.6
27     94.1
28     84.5
29     65.3
30     79.1
31     43.0
32     77.9
33     98.6
34     74.4
35     80.9
36     33.3
37     56.1
38     79.2
