=== V4 extreme-beta audit across all 39 folds ===

cache loaded (1.0s)

  [v4-discovery] 511 formation tickers
  [v4-discovery] hard screens: 506 survivors
  [v4-discovery] fitting factor model (PCA on daily returns)...
  [v4-discovery] running pairwise Johansen on 506 tickers (127765 pairs)...
  [v4-discovery] pairwise tests done: 127765 candidates
WARNING:engine_daily.discovery_daily:FALLBACK CAP: kept top 500 by p-value
  Fold 01 [2023-01]: discovery=189  traded=96  |β|>5: 14  |β|>10:  6  |β|>50:  0  (35s)
  [v4-discovery] 512 formation tickers
  [v4-discovery] hard screens: 506 survivors
  [v4-discovery] fitting factor model (PCA on daily returns)...
  [v4-discovery] running pairwise Johansen on 506 tickers (127765 pairs)...
  [v4-discovery] pairwise tests done: 127765 candidates
WARNING:engine_daily.discovery_daily:FALLBACK CAP: kept top 500 by p-value
  Fold 02 [2023-02]: discovery=190  traded=107  |β|>5: 17  |β|>10:  6  |β|>50:  1  (36s)
  [v4-discovery] 512 formation tickers
  [v4-discovery] hard screens: 506 survivors
  [v4-discovery] fitting factor model (PCA on daily returns)...
  [v4-discovery] running pairwise Johansen on 506 tickers (127765 pairs)...
  [v4-discovery] pairwise tests done: 127765 candidates
WARNING:engine_daily.discovery_daily:FALLBACK CAP: kept top 500 by p-value
  Fold 03 [2023-03]: discovery=212  traded=149  |β|>5: 16  |β|>10:  6  |β|>50:  0  (37s)
  [v4-discovery] 512 formation tickers
  [v4-discovery] hard screens: 507 survivors
  [v4-discovery] fitting factor model (PCA on daily returns)...
  [v4-discovery] running pairwise Johansen on 507 tickers (128271 pairs)...
  [v4-discovery] pairwise tests done: 128271 candidates
WARNING:engine_daily.discovery_daily:FALLBACK CAP: kept top 500 by p-value
  Fold 04 [2023-04]: discovery=159  traded=77  |β|>5: 15  |β|>10:  9  |β|>50:  3  (36s)
  [v4-discovery] 512 formation tickers
  [v4-discovery] hard screens: 508 survivors
  [v4-discovery] fitting factor model (PCA on daily returns)...
  [v4-discovery] running pairwise Johansen on 508 tickers (128778 pairs)...
  [v4-discovery] pairwise tests done: 128778 candidates
WARNING:engine_daily.discovery_daily:FALLBACK CAP: kept top 500 by p-value
  Fold 05 [2023-05]: discovery=160  traded=24  |β|>5: 35  |β|>10: 17  |β|>50:  3  (36s)
  [v4-discovery] 514 formation tickers
  [v4-discovery] hard screens: 510 survivors
  [v4-discovery] fitting factor model (PCA on daily returns)...
  [v4-discovery] running pairwise Johansen on 510 tickers (129795 pairs)...
  [v4-discovery] pairwise tests done: 129795 candidates
WARNING:engine_daily.discovery_daily:FALLBACK CAP: kept top 500 by p-value
  Fold 06 [2023-06]: discovery=193  traded=122  |β|>5: 23  |β|>10: 11  |β|>50:  4  (35s)
  [v4-discovery] 514 formation tickers
  [v4-discovery] hard screens: 510 survivors
  [v4-discovery] fitting factor model (PCA on daily returns)...
  [v4-discovery] running pairwise Johansen on 510 tickers (129795 pairs)...
  [v4-discovery] pairwise tests done: 129795 candidates
WARNING:engine_daily.discovery_daily:FALLBACK CAP: kept top 500 by p-value
  Fold 07 [2023-07]: discovery=192  traded=123  |β|>5: 27  |β|>10: 13  |β|>50:  4  (37s)
  [v4-discovery] 515 formation tickers
  [v4-discovery] hard screens: 509 survivors
  [v4-discovery] fitting factor model (PCA on daily returns)...
  [v4-discovery] running pairwise Johansen on 509 tickers (129286 pairs)...
  [v4-discovery] pairwise tests done: 129286 candidates
WARNING:engine_daily.discovery_daily:FALLBACK CAP: kept top 500 by p-value
  Fold 08 [2023-08]: discovery= 91  traded= 7  |β|>5: 27  |β|>10: 13  |β|>50:  4  (35s)
  [v4-discovery] 516 formation tickers
  [v4-discovery] hard screens: 509 survivors
  [v4-discovery] fitting factor model (PCA on daily returns)...
  [v4-discovery] running pairwise Johansen on 509 tickers (129286 pairs)...
  [v4-discovery] pairwise tests done: 129286 candidates
WARNING:engine_daily.discovery_daily:FALLBACK CAP: kept top 500 by p-value
  Fold 09 [2023-09]: discovery=244  traded=52  |β|>5: 108  |β|>10: 88  |β|>50: 26  (35s)
  [v4-discovery] 517 formation tickers
  [v4-discovery] hard screens: 509 survivors
  [v4-discovery] fitting factor model (PCA on daily returns)...
  [v4-discovery] running pairwise Johansen on 509 tickers (129286 pairs)...
  [v4-discovery] pairwise tests done: 129286 candidates
WARNING:engine_daily.discovery_daily:FALLBACK CAP: kept top 500 by p-value
  Fold 10 [2023-10]: discovery=211  traded=59  |β|>5: 49  |β|>10: 29  |β|>50:  8  (32s)
  [v4-discovery] 518 formation tickers
  [v4-discovery] hard screens: 510 survivors
  [v4-discovery] fitting factor model (PCA on daily returns)...
  [v4-discovery] running pairwise Johansen on 510 tickers (129795 pairs)...
  [v4-discovery] pairwise tests done: 129795 candidates
WARNING:engine_daily.discovery_daily:FALLBACK CAP: kept top 500 by p-value
  Fold 11 [2023-11]: discovery=205  traded=90  |β|>5: 24  |β|>10: 11  |β|>50:  2  (38s)
  [v4-discovery] 518 formation tickers
  [v4-discovery] hard screens: 511 survivors
  [v4-discovery] fitting factor model (PCA on daily returns)...
  [v4-discovery] running pairwise Johansen on 511 tickers (130305 pairs)...
  [v4-discovery] pairwise tests done: 130305 candidates
WARNING:engine_daily.discovery_daily:FALLBACK CAP: kept top 500 by p-value
  Fold 12 [2023-12]: discovery=198  traded=125  |β|>5: 16  |β|>10:  8  |β|>50:  2  (34s)
  [v4-discovery] 518 formation tickers
  [v4-discovery] hard screens: 511 survivors
  [v4-discovery] fitting factor model (PCA on daily returns)...
  [v4-discovery] running pairwise Johansen on 511 tickers (130305 pairs)...
  [v4-discovery] pairwise tests done: 130305 candidates
WARNING:engine_daily.discovery_daily:FALLBACK CAP: kept top 500 by p-value
  Fold 13 [2024-01]: discovery=203  traded=133  |β|>5: 16  |β|>10:  9  |β|>50:  1  (32s)
  [v4-discovery] 518 formation tickers
  [v4-discovery] hard screens: 511 survivors
  [v4-discovery] fitting factor model (PCA on daily returns)...
  [v4-discovery] running pairwise Johansen on 511 tickers (130305 pairs)...
  [v4-discovery] pairwise tests done: 130305 candidates
WARNING:engine_daily.discovery_daily:FALLBACK CAP: kept top 500 by p-value
  Fold 14 [2024-02]: discovery=222  traded=65  |β|>5: 14  |β|>10:  5  |β|>50:  0  (34s)
  [v4-discovery] 518 formation tickers
  [v4-discovery] hard screens: 511 survivors
  [v4-discovery] fitting factor model (PCA on daily returns)...
  [v4-discovery] running pairwise Johansen on 511 tickers (130305 pairs)...
  [v4-discovery] pairwise tests done: 130305 candidates
WARNING:engine_daily.discovery_daily:FALLBACK CAP: kept top 500 by p-value
  Fold 15 [2024-03]: discovery=194  traded=96  |β|>5: 48  |β|>10: 22  |β|>50:  2  (35s)
  [v4-discovery] 519 formation tickers
  [v4-discovery] hard screens: 512 survivors
  [v4-discovery] fitting factor model (PCA on daily returns)...
  [v4-discovery] running pairwise Johansen on 512 tickers (130816 pairs)...
  [v4-discovery] pairwise tests done: 130816 candidates
WARNING:engine_daily.discovery_daily:FALLBACK CAP: kept top 500 by p-value
  Fold 16 [2024-04]: discovery=172  traded=115  |β|>5: 25  |β|>10: 14  |β|>50:  3  (34s)
  [v4-discovery] 521 formation tickers
  [v4-discovery] hard screens: 513 survivors
  [v4-discovery] fitting factor model (PCA on daily returns)...
  [v4-discovery] running pairwise Johansen on 513 tickers (131328 pairs)...
  [v4-discovery] pairwise tests done: 131328 candidates
WARNING:engine_daily.discovery_daily:FALLBACK CAP: kept top 500 by p-value
  Fold 17 [2024-05]: discovery=162  traded=116  |β|>5: 13  |β|>10:  8  |β|>50:  2  (35s)
  [v4-discovery] 521 formation tickers
  [v4-discovery] hard screens: 514 survivors
  [v4-discovery] fitting factor model (PCA on daily returns)...
  [v4-discovery] running pairwise Johansen on 514 tickers (131841 pairs)...
  [v4-discovery] pairwise tests done: 131841 candidates
WARNING:engine_daily.discovery_daily:FALLBACK CAP: kept top 500 by p-value
  Fold 18 [2024-06]: discovery=209  traded=124  |β|>5: 14  |β|>10:  9  |β|>50:  0  (33s)
  [v4-discovery] 520 formation tickers
  [v4-discovery] hard screens: 514 survivors
  [v4-discovery] fitting factor model (PCA on daily returns)...
  [v4-discovery] running pairwise Johansen on 514 tickers (131841 pairs)...
  [v4-discovery] pairwise tests done: 131841 candidates
WARNING:engine_daily.discovery_daily:FALLBACK CAP: kept top 500 by p-value
  Fold 19 [2024-07]: discovery=201  traded=119  |β|>5: 21  |β|>10: 11  |β|>50:  3  (36s)
  [v4-discovery] 521 formation tickers
  [v4-discovery] hard screens: 515 survivors
  [v4-discovery] fitting factor model (PCA on daily returns)...
  [v4-discovery] running pairwise Johansen on 515 tickers (132355 pairs)...
  [v4-discovery] pairwise tests done: 132355 candidates
WARNING:engine_daily.discovery_daily:FALLBACK CAP: kept top 500 by p-value
  Fold 20 [2024-08]: discovery=177  traded=144  |β|>5: 19  |β|>10:  6  |β|>50:  1  (33s)
  [v4-discovery] 521 formation tickers
  [v4-discovery] hard screens: 517 survivors
  [v4-discovery] fitting factor model (PCA on daily returns)...
  [v4-discovery] running pairwise Johansen on 517 tickers (133386 pairs)...
  [v4-discovery] pairwise tests done: 133386 candidates
WARNING:engine_daily.discovery_daily:FALLBACK CAP: kept top 500 by p-value
  Fold 21 [2024-09]: discovery=211  traded=163  |β|>5: 14  |β|>10:  5  |β|>50:  4  (32s)
  [v4-discovery] 521 formation tickers
  [v4-discovery] hard screens: 517 survivors
  [v4-discovery] fitting factor model (PCA on daily returns)...
  [v4-discovery] running pairwise Johansen on 517 tickers (133386 pairs)...
  [v4-discovery] pairwise tests done: 133386 candidates
WARNING:engine_daily.discovery_daily:FALLBACK CAP: kept top 500 by p-value
  Fold 22 [2024-10]: discovery=212  traded=162  |β|>5:  9  |β|>10:  3  |β|>50:  0  (32s)
  [v4-discovery] 522 formation tickers
  [v4-discovery] hard screens: 517 survivors
  [v4-discovery] fitting factor model (PCA on daily returns)...
  [v4-discovery] running pairwise Johansen on 517 tickers (133386 pairs)...
  [v4-discovery] pairwise tests done: 133386 candidates
WARNING:engine_daily.discovery_daily:FALLBACK CAP: kept top 500 by p-value
  Fold 23 [2024-11]: discovery=150  traded=64  |β|>5: 13  |β|>10:  6  |β|>50:  1  (38s)
  [v4-discovery] 522 formation tickers
  [v4-discovery] hard screens: 517 survivors
  [v4-discovery] fitting factor model (PCA on daily returns)...
  [v4-discovery] running pairwise Johansen on 517 tickers (133386 pairs)...
  [v4-discovery] pairwise tests done: 133386 candidates
WARNING:engine_daily.discovery_daily:FALLBACK CAP: kept top 500 by p-value
  Fold 24 [2024-12]: discovery=126  traded=92  |β|>5: 10  |β|>10:  3  |β|>50:  0  (35s)
  [v4-discovery] 522 formation tickers
  [v4-discovery] hard screens: 517 survivors
  [v4-discovery] fitting factor model (PCA on daily returns)...
  [v4-discovery] running pairwise Johansen on 517 tickers (133386 pairs)...
  [v4-discovery] pairwise tests done: 133386 candidates
WARNING:engine_daily.discovery_daily:FALLBACK CAP: kept top 500 by p-value
  Fold 25 [2025-01]: discovery=201  traded=187  |β|>5:  6  |β|>10:  1  |β|>50:  0  (34s)
  [v4-discovery] 523 formation tickers
  [v4-discovery] hard screens: 517 survivors
  [v4-discovery] fitting factor model (PCA on daily returns)...
  [v4-discovery] running pairwise Johansen on 517 tickers (133386 pairs)...
  [v4-discovery] pairwise tests done: 133386 candidates
WARNING:engine_daily.discovery_daily:FALLBACK CAP: kept top 500 by p-value
  Fold 26 [2025-02]: discovery=202  traded=91  |β|>5: 21  |β|>10: 13  |β|>50:  3  (36s)
  [v4-discovery] 524 formation tickers
  [v4-discovery] hard screens: 520 survivors
  [v4-discovery] fitting factor model (PCA on daily returns)...
  [v4-discovery] running pairwise Johansen on 520 tickers (134940 pairs)...
  [v4-discovery] pairwise tests done: 134940 candidates
WARNING:engine_daily.discovery_daily:FALLBACK CAP: kept top 500 by p-value
  Fold 27 [2025-03]: discovery=191  traded=136  |β|>5:  4  |β|>10:  0  |β|>50:  0  (38s)
  [v4-discovery] 524 formation tickers
  [v4-discovery] hard screens: 520 survivors
  [v4-discovery] fitting factor model (PCA on daily returns)...
  [v4-discovery] running pairwise Johansen on 520 tickers (134940 pairs)...
  [v4-discovery] pairwise tests done: 134940 candidates
WARNING:engine_daily.discovery_daily:FALLBACK CAP: kept top 500 by p-value
  Fold 28 [2025-04]: discovery=197  traded=103  |β|>5: 48  |β|>10: 36  |β|>50: 14  (34s)
  [v4-discovery] 524 formation tickers
  [v4-discovery] hard screens: 520 survivors
  [v4-discovery] fitting factor model (PCA on daily returns)...
  [v4-discovery] running pairwise Johansen on 520 tickers (134940 pairs)...
  [v4-discovery] pairwise tests done: 134940 candidates
WARNING:engine_daily.discovery_daily:FALLBACK CAP: kept top 500 by p-value
  Fold 29 [2025-05]: discovery=198  traded=72  |β|>5: 12  |β|>10:  6  |β|>50:  0  (32s)
  [v4-discovery] 524 formation tickers
  [v4-discovery] hard screens: 521 survivors
  [v4-discovery] fitting factor model (PCA on daily returns)...
  [v4-discovery] running pairwise Johansen on 521 tickers (135460 pairs)...
  [v4-discovery] pairwise tests done: 135460 candidates
WARNING:engine_daily.discovery_daily:FALLBACK CAP: kept top 500 by p-value
  Fold 30 [2025-06]: discovery=216  traded=86  |β|>5:  8  |β|>10:  2  |β|>50:  0  (37s)
  [v4-discovery] 524 formation tickers
  [v4-discovery] hard screens: 521 survivors
  [v4-discovery] fitting factor model (PCA on daily returns)...
  [v4-discovery] running pairwise Johansen on 521 tickers (135460 pairs)...
  [v4-discovery] pairwise tests done: 135460 candidates
WARNING:engine_daily.discovery_daily:FALLBACK CAP: kept top 500 by p-value
  Fold 31 [2025-07]: discovery=212  traded=79  |β|>5: 20  |β|>10:  8  |β|>50:  3  (30s)
  [v4-discovery] 524 formation tickers
  [v4-discovery] hard screens: 521 survivors
  [v4-discovery] fitting factor model (PCA on daily returns)...
  [v4-discovery] running pairwise Johansen on 521 tickers (135460 pairs)...
  [v4-discovery] pairwise tests done: 135460 candidates
WARNING:engine_daily.discovery_daily:FALLBACK CAP: kept top 500 by p-value
  Fold 32 [2025-08]: discovery=197  traded=104  |β|>5: 13  |β|>10:  6  |β|>50:  2  (34s)
  [v4-discovery] 525 formation tickers
  [v4-discovery] hard screens: 522 survivors
  [v4-discovery] fitting factor model (PCA on daily returns)...
  [v4-discovery] running pairwise Johansen on 522 tickers (135981 pairs)...
  [v4-discovery] pairwise tests done: 135981 candidates
WARNING:engine_daily.discovery_daily:FALLBACK CAP: kept top 500 by p-value
  Fold 33 [2025-09]: discovery=165  traded=71  |β|>5:  9  |β|>10:  3  |β|>50:  1  (36s)
  [v4-discovery] 525 formation tickers
  [v4-discovery] hard screens: 522 survivors
  [v4-discovery] fitting factor model (PCA on daily returns)...
  [v4-discovery] running pairwise Johansen on 522 tickers (135981 pairs)...
  [v4-discovery] pairwise tests done: 135981 candidates
WARNING:engine_daily.discovery_daily:FALLBACK CAP: kept top 500 by p-value
  Fold 34 [2025-10]: discovery=168  traded=90  |β|>5: 19  |β|>10: 10  |β|>50:  3  (37s)
  [v4-discovery] 525 formation tickers
  [v4-discovery] hard screens: 522 survivors
  [v4-discovery] fitting factor model (PCA on daily returns)...
  [v4-discovery] running pairwise Johansen on 522 tickers (135981 pairs)...
  [v4-discovery] pairwise tests done: 135981 candidates
WARNING:engine_daily.discovery_daily:FALLBACK CAP: kept top 500 by p-value
  Fold 35 [2025-11]: discovery=157  traded=89  |β|>5: 16  |β|>10:  9  |β|>50:  4  (33s)
  [v4-discovery] 527 formation tickers
  [v4-discovery] hard screens: 522 survivors
  [v4-discovery] fitting factor model (PCA on daily returns)...
  [v4-discovery] running pairwise Johansen on 522 tickers (135981 pairs)...
  [v4-discovery] pairwise tests done: 135981 candidates
WARNING:engine_daily.discovery_daily:FALLBACK CAP: kept top 500 by p-value
  Fold 36 [2025-12]: discovery=  3  traded= 3  |β|>5:  0  |β|>10:  0  |β|>50:  0  (32s)
  [v4-discovery] 527 formation tickers
  [v4-discovery] hard screens: 523 survivors
  [v4-discovery] fitting factor model (PCA on daily returns)...
  [v4-discovery] running pairwise Johansen on 523 tickers (136503 pairs)...
