=== Carry-forward CONTROL: random non-selected pairs ===

posthoc CSV: folds 1..39

Loading daily cache...
  528 tickers loaded in 1.1s

  fold  1-> 2: sampled=  96 (cap=96) | valid=  96 | p<0.05=  12 (12%) | p<0.01=   4 | p<0.001=   0 | 1.2s
  fold  2-> 3: sampled= 107 (cap=107) | valid= 107 | p<0.05=  14 (13%) | p<0.01=   0 | p<0.001=   0 | 1.1s
  fold  3-> 4: sampled= 149 (cap=149) | valid= 149 | p<0.05=  27 (18%) | p<0.01=   6 | p<0.001=   0 | 1.1s
  fold  4-> 5: sampled=  77 (cap=77) | valid=  77 | p<0.05=  11 (14%) | p<0.01=   4 | p<0.001=   1 | 1.1s
  fold  5-> 6: sampled=  24 (cap=24) | valid=  24 | p<0.05=   3 (12%) | p<0.01=   1 | p<0.001=   0 | 0.9s
  fold  6-> 7: sampled= 122 (cap=122) | valid= 122 | p<0.05=  21 (17%) | p<0.01=  10 | p<0.001=   1 | 1.1s
  fold  7-> 8: sampled= 123 (cap=123) | valid= 123 | p<0.05=  25 (20%) | p<0.01=   7 | p<0.001=   2 | 1.4s
  fold  8-> 9: sampled=   7 (cap=7) | valid=   7 | p<0.05=   1 (14%) | p<0.01=   0 | p<0.001=   0 | 1.1s
  fold  9->10: sampled=  52 (cap=52) | valid=  52 | p<0.05=   6 (12%) | p<0.01=   1 | p<0.001=   0 | 1.3s
  fold 10->11: sampled=  59 (cap=59) | valid=  59 | p<0.05=   5 (8%) | p<0.01=   0 | p<0.001=   0 | 1.2s
  fold 11->12: sampled=  90 (cap=90) | valid=  90 | p<0.05=  12 (13%) | p<0.01=   3 | p<0.001=   0 | 1.3s
  fold 12->13: sampled= 125 (cap=125) | valid= 125 | p<0.05=  26 (21%) | p<0.01=   7 | p<0.001=   1 | 1.4s
  fold 13->14: sampled= 133 (cap=133) | valid= 133 | p<0.05=  18 (14%) | p<0.01=   3 | p<0.001=   0 | 1.5s
  fold 14->15: sampled=  65 (cap=65) | valid=  65 | p<0.05=   9 (14%) | p<0.01=   2 | p<0.001=   0 | 1.3s
  fold 15->16: sampled=  96 (cap=96) | valid=  96 | p<0.05=  11 (11%) | p<0.01=   4 | p<0.001=   1 | 1.5s
  fold 16->17: sampled= 115 (cap=115) | valid= 115 | p<0.05=  10 (9%) | p<0.01=   1 | p<0.001=   1 | 1.3s
  fold 17->18: sampled= 116 (cap=116) | valid= 116 | p<0.05=   9 (8%) | p<0.01=   2 | p<0.001=   0 | 1.4s
  fold 18->19: sampled= 124 (cap=124) | valid= 124 | p<0.05=  15 (12%) | p<0.01=   2 | p<0.001=   0 | 1.5s
  fold 19->20: sampled= 119 (cap=119) | valid= 119 | p<0.05=   4 (3%) | p<0.01=   0 | p<0.001=   0 | 1.5s
  fold 20->21: sampled= 144 (cap=144) | valid= 144 | p<0.05=  12 (8%) | p<0.01=   2 | p<0.001=   0 | 1.4s
  fold 21->22: sampled= 163 (cap=163) | valid= 163 | p<0.05=  20 (12%) | p<0.01=   4 | p<0.001=   0 | 1.6s
  fold 22->23: sampled= 162 (cap=162) | valid= 162 | p<0.05=   7 (4%) | p<0.01=   2 | p<0.001=   0 | 1.4s
  fold 23->24: sampled=  64 (cap=64) | valid=  64 | p<0.05=   2 (3%) | p<0.01=   1 | p<0.001=   0 | 1.2s
  fold 24->25: sampled=  92 (cap=92) | valid=  92 | p<0.05=   8 (9%) | p<0.01=   3 | p<0.001=   1 | 1.5s
  fold 25->26: sampled= 187 (cap=187) | valid= 187 | p<0.05=  17 (9%) | p<0.01=   4 | p<0.001=   1 | 1.6s
  fold 26->27: sampled=  91 (cap=91) | valid=  91 | p<0.05=   5 (5%) | p<0.01=   0 | p<0.001=   0 | 1.4s
  fold 27->28: sampled= 136 (cap=136) | valid= 136 | p<0.05=   6 (4%) | p<0.01=   2 | p<0.001=   0 | 1.5s
  fold 28->29: sampled= 103 (cap=103) | valid= 103 | p<0.05=  15 (15%) | p<0.01=   6 | p<0.001=   1 | 1.2s
  fold 29->30: sampled=  72 (cap=72) | valid=  72 | p<0.05=  13 (18%) | p<0.01=   4 | p<0.001=   0 | 1.1s
  fold 30->31: sampled=  86 (cap=86) | valid=  86 | p<0.05=  16 (19%) | p<0.01=   2 | p<0.001=   1 | 1.2s
  fold 31->32: sampled=  79 (cap=79) | valid=  79 | p<0.05=   4 (5%) | p<0.01=   0 | p<0.001=   0 | 1.2s
  fold 32->33: sampled= 104 (cap=104) | valid= 104 | p<0.05=  18 (17%) | p<0.01=   5 | p<0.001=   1 | 1.4s
  fold 33->34: sampled=  71 (cap=71) | valid=  71 | p<0.05=  14 (20%) | p<0.01=   5 | p<0.001=   1 | 1.4s
  fold 34->35: sampled=  90 (cap=90) | valid=  90 | p<0.05=  11 (12%) | p<0.01=   3 | p<0.001=   2 | 1.3s
  fold 35->36: sampled=  89 (cap=89) | valid=  89 | p<0.05=  16 (18%) | p<0.01=   7 | p<0.001=   1 | 1.2s
  fold 36->37: sampled=   3 (cap=3) | valid=   3 | p<0.05=   0 (0%) | p<0.01=   0 | p<0.001=   0 | 1.1s
  fold 37->38: sampled= 107 (cap=107) | valid= 107 | p<0.05=   7 (7%) | p<0.01=   0 | p<0.001=   0 | 1.4s
  fold 38->39: sampled= 120 (cap=120) | valid= 120 | p<0.05=  12 (10%) | p<0.01=   2 | p<0.001=   0 | 1.4s

Total elapsed: 49.5s

Wrote D:\Quant Finance\Quant Program\Week 6\results\v4\audit_carryforward_control.csv (3762 rows)

=== AGGREGATE: RANDOM (non-selected) pairs ===
Total tests run                      : 3762
Valid (Johansen converged)           : 3762 (100.0%)

  p < 0.05    : 442 of 3762 (11.7%)
  p < 0.01    : 109 of 3762 (2.9%)
  p < 0.001   : 16 of 3762 (0.4%)

  median pval : 0.3075
  mean   pval : 0.3577

=== COMPARISON vs SELECTED-pair test ===
  Selected pairs (audit_carryforward_upper_bound.py) : 78.0% pass p<0.05
  Random pairs   (this audit)                        : 11.7% pass p<0.05
  Gap (selection signal)                             : +66.3 percentage points

  -> Gate IS strongly informative (selection has large signal)
