V4 daily pipeline | entry_z=2.0, z_window=60, hard_sl_z=4.0
Folds: 20 | out_dir=d:\Quant Finance\Quant Program\Week 6\results\v4\folds_1_20
Loading daily cache from daily_phase3/ ...
  loaded 528 tickers in 0.9s

  Fold 01 [2023-01]: slicing daily cache for formation 2022-01-01 .. 2022-12-31
  Fold 01 [2023-01]: daily formation: 511 tickers
  [v4-discovery] 511 formation tickers
  [v4-discovery] hard screens: 506 survivors
  [v4-discovery] fitting factor model (PCA on daily returns)...
  [v4-discovery] running pairwise Johansen on 506 tickers (127765 pairs)...
  [v4-discovery] pairwise tests done: 127765 candidates
WARNING FALLBACK CAP: kept top 500 by p-value
  Fold 01 [2023-01]: discovery: 189 pairs after beta>0 | cum_var=0.623
  Fold 01 [2023-01]: slicing daily cache for trading 2023-01-01 .. 2023-01-31
  Fold 01 [2023-01]: daily trading: 512 tickers
  Fold 01 [2023-01]: trading residual: 20 bars x 506 tickers
  Fold 01 [2023-01]: complete in 32.8s | n_trades=54, sharpe=+1.325, total_return=+0.0049, exits z/sl/open=7/1/47
  Fold 02 [2023-02]: slicing daily cache for formation 2022-02-01 .. 2023-01-31
  Fold 02 [2023-02]: daily formation: 512 tickers
  [v4-discovery] 512 formation tickers
  [v4-discovery] hard screens: 506 survivors
  [v4-discovery] fitting factor model (PCA on daily returns)...
  [v4-discovery] running pairwise Johansen on 506 tickers (127765 pairs)...
  [v4-discovery] pairwise tests done: 127765 candidates
WARNING FALLBACK CAP: kept top 500 by p-value
  Fold 02 [2023-02]: discovery: 190 pairs after beta>0 | cum_var=0.614
  Fold 02 [2023-02]: slicing daily cache for trading 2023-02-01 .. 2023-02-28
  Fold 02 [2023-02]: daily trading: 512 tickers
  Fold 02 [2023-02]: trading residual: 19 bars x 506 tickers
  Fold 02 [2023-02]: complete in 31.1s | n_trades=73, sharpe=+2.363, total_return=+0.0110, exits z/sl/open=15/4/56
  Fold 03 [2023-03]: slicing daily cache for formation 2022-03-01 .. 2023-02-28
  Fold 03 [2023-03]: daily formation: 512 tickers
  [v4-discovery] 512 formation tickers
  [v4-discovery] hard screens: 506 survivors
  [v4-discovery] fitting factor model (PCA on daily returns)...
  [v4-discovery] running pairwise Johansen on 506 tickers (127765 pairs)...
  [v4-discovery] pairwise tests done: 127765 candidates
WARNING FALLBACK CAP: kept top 500 by p-value
  Fold 03 [2023-03]: discovery: 212 pairs after beta>0 | cum_var=0.615
  Fold 03 [2023-03]: slicing daily cache for trading 2023-03-01 .. 2023-03-31
  Fold 03 [2023-03]: daily trading: 512 tickers
  Fold 03 [2023-03]: trading residual: 23 bars x 506 tickers
  Fold 03 [2023-03]: complete in 26.2s | n_trades=118, sharpe=-4.422, total_return=-0.0457, exits z/sl/open=10/16/92
  Fold 04 [2023-04]: slicing daily cache for formation 2022-04-01 .. 2023-03-31
  Fold 04 [2023-04]: daily formation: 512 tickers
  [v4-discovery] 512 formation tickers
  [v4-discovery] hard screens: 507 survivors
  [v4-discovery] fitting factor model (PCA on daily returns)...
  [v4-discovery] running pairwise Johansen on 507 tickers (128271 pairs)...
  [v4-discovery] pairwise tests done: 128271 candidates
WARNING FALLBACK CAP: kept top 500 by p-value
  Fold 04 [2023-04]: discovery: 159 pairs after beta>0 | cum_var=0.616
  Fold 04 [2023-04]: slicing daily cache for trading 2023-04-01 .. 2023-04-30
  Fold 04 [2023-04]: daily trading: 512 tickers
  Fold 04 [2023-04]: trading residual: 19 bars x 507 tickers
  Fold 04 [2023-04]: complete in 25.9s | n_trades=36, sharpe=+3.519, total_return=+0.0066, exits z/sl/open=11/0/29
  Fold 05 [2023-05]: slicing daily cache for formation 2022-05-01 .. 2023-04-30
  Fold 05 [2023-05]: daily formation: 512 tickers
  [v4-discovery] 512 formation tickers
  [v4-discovery] hard screens: 508 survivors
  [v4-discovery] fitting factor model (PCA on daily returns)...
  [v4-discovery] running pairwise Johansen on 508 tickers (128778 pairs)...
  [v4-discovery] pairwise tests done: 128778 candidates
WARNING FALLBACK CAP: kept top 500 by p-value
  Fold 05 [2023-05]: discovery: 160 pairs after beta>0 | cum_var=0.612
  Fold 05 [2023-05]: slicing daily cache for trading 2023-05-01 .. 2023-05-31
  Fold 05 [2023-05]: daily trading: 514 tickers
  Fold 05 [2023-05]: trading residual: 22 bars x 508 tickers
  Fold 05 [2023-05]: complete in 25.8s | n_trades=16, sharpe=-1.250, total_return=-0.0073, exits z/sl/open=3/0/13
  Fold 06 [2023-06]: slicing daily cache for formation 2022-06-01 .. 2023-05-31
  Fold 06 [2023-06]: daily formation: 514 tickers
  [v4-discovery] 514 formation tickers
  [v4-discovery] hard screens: 510 survivors
  [v4-discovery] fitting factor model (PCA on daily returns)...
  [v4-discovery] running pairwise Johansen on 510 tickers (129795 pairs)...
  [v4-discovery] pairwise tests done: 129795 candidates
WARNING FALLBACK CAP: kept top 500 by p-value
  Fold 06 [2023-06]: discovery: 193 pairs after beta>0 | cum_var=0.596
  Fold 06 [2023-06]: slicing daily cache for trading 2023-06-01 .. 2023-06-30
  Fold 06 [2023-06]: daily trading: 514 tickers
  Fold 06 [2023-06]: trading residual: 21 bars x 510 tickers
  Fold 06 [2023-06]: complete in 26.6s | n_trades=68, sharpe=+1.445, total_return=+0.0058, exits z/sl/open=13/1/55
  Fold 07 [2023-07]: slicing daily cache for formation 2022-07-01 .. 2023-06-30
  Fold 07 [2023-07]: daily formation: 514 tickers
  [v4-discovery] 514 formation tickers
  [v4-discovery] hard screens: 510 survivors
  [v4-discovery] fitting factor model (PCA on daily returns)...
  [v4-discovery] running pairwise Johansen on 510 tickers (129795 pairs)...
  [v4-discovery] pairwise tests done: 129795 candidates
WARNING FALLBACK CAP: kept top 500 by p-value
  Fold 07 [2023-07]: discovery: 192 pairs after beta>0 | cum_var=0.595
  Fold 07 [2023-07]: slicing daily cache for trading 2023-07-01 .. 2023-07-31
  Fold 07 [2023-07]: daily trading: 514 tickers
  Fold 07 [2023-07]: trading residual: 20 bars x 509 tickers
  Fold 07 [2023-07]: complete in 27.0s | n_trades=58, sharpe=+2.798, total_return=+0.1335, exits z/sl/open=9/2/47
  Fold 08 [2023-08]: slicing daily cache for formation 2022-08-01 .. 2023-07-31
  Fold 08 [2023-08]: daily formation: 515 tickers
  [v4-discovery] 515 formation tickers
  [v4-discovery] hard screens: 509 survivors
  [v4-discovery] fitting factor model (PCA on daily returns)...
  [v4-discovery] running pairwise Johansen on 509 tickers (129286 pairs)...
  [v4-discovery] pairwise tests done: 129286 candidates
WARNING FALLBACK CAP: kept top 500 by p-value
  Fold 08 [2023-08]: discovery: 91 pairs after beta>0 | cum_var=0.491
  Fold 08 [2023-08]: slicing daily cache for trading 2023-08-01 .. 2023-08-31
  Fold 08 [2023-08]: daily trading: 515 tickers
  Fold 08 [2023-08]: trading residual: 23 bars x 509 tickers
  Fold 08 [2023-08]: complete in 27.3s | n_trades=5, sharpe=-4.712, total_return=-0.0671, exits z/sl/open=1/0/4
  Fold 09 [2023-09]: slicing daily cache for formation 2022-09-01 .. 2023-08-31
  Fold 09 [2023-09]: daily formation: 516 tickers
  [v4-discovery] 516 formation tickers
  [v4-discovery] hard screens: 509 survivors
  [v4-discovery] fitting factor model (PCA on daily returns)...
  [v4-discovery] running pairwise Johansen on 509 tickers (129286 pairs)...
  [v4-discovery] pairwise tests done: 129286 candidates
WARNING FALLBACK CAP: kept top 500 by p-value
  Fold 09 [2023-09]: discovery: 244 pairs after beta>0 | cum_var=0.489
  Fold 09 [2023-09]: slicing daily cache for trading 2023-09-01 .. 2023-09-30
  Fold 09 [2023-09]: daily trading: 516 tickers
  Fold 09 [2023-09]: trading residual: 20 bars x 509 tickers
  Fold 09 [2023-09]: complete in 26.4s | n_trades=27, sharpe=-2.549, total_return=-0.1589, exits z/sl/open=3/0/24
  Fold 10 [2023-10]: slicing daily cache for formation 2022-10-01 .. 2023-09-30
  Fold 10 [2023-10]: daily formation: 517 tickers
  [v4-discovery] 517 formation tickers
  [v4-discovery] hard screens: 509 survivors
  [v4-discovery] fitting factor model (PCA on daily returns)...
  [v4-discovery] running pairwise Johansen on 509 tickers (129286 pairs)...
  [v4-discovery] pairwise tests done: 129286 candidates
WARNING FALLBACK CAP: kept top 500 by p-value
  Fold 10 [2023-10]: discovery: 211 pairs after beta>0 | cum_var=0.480
  Fold 10 [2023-10]: slicing daily cache for trading 2023-10-01 .. 2023-10-31
  Fold 10 [2023-10]: daily trading: 517 tickers
  Fold 10 [2023-10]: trading residual: 22 bars x 509 tickers
  Fold 10 [2023-10]: complete in 26.7s | n_trades=49, sharpe=+3.277, total_return=+0.2874, exits z/sl/open=20/1/30
  Fold 11 [2023-11]: slicing daily cache for formation 2022-11-01 .. 2023-10-31
  Fold 11 [2023-11]: daily formation: 518 tickers
  [v4-discovery] 518 formation tickers
  [v4-discovery] hard screens: 510 survivors
  [v4-discovery] fitting factor model (PCA on daily returns)...
  [v4-discovery] running pairwise Johansen on 510 tickers (129795 pairs)...
  [v4-discovery] pairwise tests done: 129795 candidates
WARNING FALLBACK CAP: kept top 500 by p-value
  Fold 11 [2023-11]: discovery: 205 pairs after beta>0 | cum_var=0.468
  Fold 11 [2023-11]: slicing daily cache for trading 2023-11-01 .. 2023-11-30
  Fold 11 [2023-11]: daily trading: 517 tickers
  Fold 11 [2023-11]: trading residual: 21 bars x 510 tickers
  Fold 11 [2023-11]: complete in 28.3s | n_trades=65, sharpe=+0.330, total_return=+0.0021, exits z/sl/open=9/2/55
  Fold 12 [2023-12]: slicing daily cache for formation 2022-12-01 .. 2023-11-30
  Fold 12 [2023-12]: daily formation: 518 tickers
  [v4-discovery] 518 formation tickers
  [v4-discovery] hard screens: 511 survivors
  [v4-discovery] fitting factor model (PCA on daily returns)...
  [v4-discovery] running pairwise Johansen on 511 tickers (130305 pairs)...
  [v4-discovery] pairwise tests done: 130305 candidates
WARNING FALLBACK CAP: kept top 500 by p-value
  Fold 12 [2023-12]: discovery: 198 pairs after beta>0 | cum_var=0.422
  Fold 12 [2023-12]: slicing daily cache for trading 2023-12-01 .. 2023-12-31
  Fold 12 [2023-12]: daily trading: 517 tickers
  Fold 12 [2023-12]: trading residual: 20 bars x 511 tickers
  Fold 12 [2023-12]: complete in 33.6s | n_trades=64, sharpe=-5.532, total_return=-0.0127, exits z/sl/open=10/3/51
  Fold 13 [2024-01]: slicing daily cache for formation 2023-01-01 .. 2023-12-31
  Fold 13 [2024-01]: daily formation: 518 tickers
  [v4-discovery] 518 formation tickers
  [v4-discovery] hard screens: 511 survivors
  [v4-discovery] fitting factor model (PCA on daily returns)...
  [v4-discovery] running pairwise Johansen on 511 tickers (130305 pairs)...
  [v4-discovery] pairwise tests done: 130305 candidates
WARNING FALLBACK CAP: kept top 500 by p-value
  Fold 13 [2024-01]: discovery: 203 pairs after beta>0 | cum_var=0.423
  Fold 13 [2024-01]: slicing daily cache for trading 2024-01-01 .. 2024-01-31
  Fold 13 [2024-01]: daily trading: 517 tickers
  Fold 13 [2024-01]: trading residual: 21 bars x 511 tickers
  Fold 13 [2024-01]: complete in 32.8s | n_trades=86, sharpe=-3.749, total_return=-0.0272, exits z/sl/open=16/10/61
  Fold 14 [2024-02]: slicing daily cache for formation 2023-02-01 .. 2024-01-31
  Fold 14 [2024-02]: daily formation: 518 tickers
  [v4-discovery] 518 formation tickers
  [v4-discovery] hard screens: 511 survivors
  [v4-discovery] fitting factor model (PCA on daily returns)...
  [v4-discovery] running pairwise Johansen on 511 tickers (130305 pairs)...
  [v4-discovery] pairwise tests done: 130305 candidates
WARNING FALLBACK CAP: kept top 500 by p-value
  Fold 14 [2024-02]: discovery: 222 pairs after beta>0 | cum_var=0.411
  Fold 14 [2024-02]: slicing daily cache for trading 2024-02-01 .. 2024-02-29
  Fold 14 [2024-02]: daily trading: 517 tickers
  Fold 14 [2024-02]: trading residual: 20 bars x 511 tickers
  Fold 14 [2024-02]: complete in 30.8s | n_trades=63, sharpe=+0.072, total_return=+0.0004, exits z/sl/open=19/5/40
  Fold 15 [2024-03]: slicing daily cache for formation 2023-03-01 .. 2024-02-29
  Fold 15 [2024-03]: daily formation: 518 tickers
  [v4-discovery] 518 formation tickers
  [v4-discovery] hard screens: 511 survivors
  [v4-discovery] fitting factor model (PCA on daily returns)...
  [v4-discovery] running pairwise Johansen on 511 tickers (130305 pairs)...
  [v4-discovery] pairwise tests done: 130305 candidates
WARNING FALLBACK CAP: kept top 500 by p-value
  Fold 15 [2024-03]: discovery: 194 pairs after beta>0 | cum_var=0.399
  Fold 15 [2024-03]: slicing daily cache for trading 2024-03-01 .. 2024-03-31
  Fold 15 [2024-03]: daily trading: 518 tickers
  Fold 15 [2024-03]: trading residual: 19 bars x 511 tickers
  Fold 15 [2024-03]: complete in 31.5s | n_trades=59, sharpe=+5.206, total_return=+0.0912, exits z/sl/open=5/1/53
  Fold 16 [2024-04]: slicing daily cache for formation 2023-04-01 .. 2024-03-31
  Fold 16 [2024-04]: daily formation: 519 tickers
  [v4-discovery] 519 formation tickers
  [v4-discovery] hard screens: 512 survivors
  [v4-discovery] fitting factor model (PCA on daily returns)...
  [v4-discovery] running pairwise Johansen on 512 tickers (130816 pairs)...
  [v4-discovery] pairwise tests done: 130816 candidates
WARNING FALLBACK CAP: kept top 500 by p-value
  Fold 16 [2024-04]: discovery: 172 pairs after beta>0 | cum_var=0.372
  Fold 16 [2024-04]: slicing daily cache for trading 2024-04-01 .. 2024-04-30
  Fold 16 [2024-04]: daily trading: 520 tickers
  Fold 16 [2024-04]: trading residual: 22 bars x 512 tickers
  Fold 16 [2024-04]: complete in 31.1s | n_trades=64, sharpe=-3.907, total_return=-0.0277, exits z/sl/open=9/3/52
  Fold 17 [2024-05]: slicing daily cache for formation 2023-05-01 .. 2024-04-30
  Fold 17 [2024-05]: daily formation: 521 tickers
  [v4-discovery] 521 formation tickers
  [v4-discovery] hard screens: 513 survivors
  [v4-discovery] fitting factor model (PCA on daily returns)...
  [v4-discovery] running pairwise Johansen on 513 tickers (131328 pairs)...
  [v4-discovery] pairwise tests done: 131328 candidates
WARNING FALLBACK CAP: kept top 500 by p-value
  Fold 17 [2024-05]: discovery: 162 pairs after beta>0 | cum_var=0.366
  Fold 17 [2024-05]: slicing daily cache for trading 2024-05-01 .. 2024-05-31
  Fold 17 [2024-05]: daily trading: 520 tickers
  Fold 17 [2024-05]: trading residual: 22 bars x 513 tickers
  Fold 17 [2024-05]: complete in 33.5s | n_trades=85, sharpe=-1.210, total_return=-0.0095, exits z/sl/open=10/4/71
  Fold 18 [2024-06]: slicing daily cache for formation 2023-06-01 .. 2024-05-31
  Fold 18 [2024-06]: daily formation: 521 tickers
  [v4-discovery] 521 formation tickers
  [v4-discovery] hard screens: 514 survivors
  [v4-discovery] fitting factor model (PCA on daily returns)...
  [v4-discovery] running pairwise Johansen on 514 tickers (131841 pairs)...
  [v4-discovery] pairwise tests done: 131841 candidates
WARNING FALLBACK CAP: kept top 500 by p-value
  Fold 18 [2024-06]: discovery: 209 pairs after beta>0 | cum_var=0.356
  Fold 18 [2024-06]: slicing daily cache for trading 2024-06-01 .. 2024-06-30
  Fold 18 [2024-06]: daily trading: 520 tickers
  Fold 18 [2024-06]: trading residual: 19 bars x 514 tickers
  Fold 18 [2024-06]: complete in 32.7s | n_trades=64, sharpe=-6.525, total_return=-0.0441, exits z/sl/open=10/3/52
  Fold 19 [2024-07]: slicing daily cache for formation 2023-07-01 .. 2024-06-30
  Fold 19 [2024-07]: daily formation: 520 tickers
  [v4-discovery] 520 formation tickers
  [v4-discovery] hard screens: 514 survivors
  [v4-discovery] fitting factor model (PCA on daily returns)...
  [v4-discovery] running pairwise Johansen on 514 tickers (131841 pairs)...
  [v4-discovery] pairwise tests done: 131841 candidates
WARNING FALLBACK CAP: kept top 500 by p-value
  Fold 19 [2024-07]: discovery: 201 pairs after beta>0 | cum_var=0.514
  Fold 19 [2024-07]: slicing daily cache for trading 2024-07-01 .. 2024-07-31
  Fold 19 [2024-07]: daily trading: 521 tickers
  Fold 19 [2024-07]: trading residual: 22 bars x 514 tickers
  Fold 19 [2024-07]: complete in 32.1s | n_trades=88, sharpe=-3.305, total_return=-0.0174, exits z/sl/open=19/8/67
  Fold 20 [2024-08]: slicing daily cache for formation 2023-08-01 .. 2024-07-31
  Fold 20 [2024-08]: daily formation: 521 tickers
  [v4-discovery] 521 formation tickers
  [v4-discovery] hard screens: 515 survivors
  [v4-discovery] fitting factor model (PCA on daily returns)...
  [v4-discovery] running pairwise Johansen on 515 tickers (132355 pairs)...
  [v4-discovery] pairwise tests done: 132355 candidates
WARNING FALLBACK CAP: kept top 500 by p-value
  Fold 20 [2024-08]: discovery: 177 pairs after beta>0 | cum_var=0.536
  Fold 20 [2024-08]: slicing daily cache for trading 2024-08-01 .. 2024-08-31
  Fold 20 [2024-08]: daily trading: 521 tickers
  Fold 20 [2024-08]: trading residual: 22 bars x 515 tickers
  Fold 20 [2024-08]: complete in 32.6s | n_trades=91, sharpe=+3.398, total_return=+0.0312, exits z/sl/open=13/6/75

Wrote d:\Quant Finance\Quant Program\Week 6\results\v4\folds_1_20\fold_metrics.csv (20 rows)
 fold trading_month  n_pairs  n_trades    sharpe  total_return   avg_net_bps  n_zero_cross  n_hard_sl
    1       2023-01      189        54  1.324752      0.004934     77.440636             7          1
    2       2023-02      190        73  2.362833      0.010950    134.628968            15          4
    3       2023-03      212       118 -4.421819     -0.045715   -315.069442            10         16
    4       2023-04      159        36  3.518832      0.006565    140.228252            11          0
    5       2023-05      160        16 -1.250245     -0.007268   -327.659424             3          0
    6       2023-06      193        68  1.444788      0.005789     65.106686            13          1
    7       2023-07      192        58  2.798089      0.133455   1814.748214             9          2
    8       2023-08       91         5 -4.712483     -0.067138 -13384.661888             1          0
    9       2023-09      244        27 -2.548727     -0.158935  -4573.766883             3          0
   10       2023-10      211        49  3.277343      0.287416   4394.275855            20          1
   11       2023-11      205        65  0.330316      0.002077     24.875693             9          2
   12       2023-12      198        64 -5.532218     -0.012730   -134.704765            10          3
   13       2024-01      203        86 -3.748936     -0.027159   -237.989054            16         10
   14       2024-02      222        63  0.071559      0.000392      5.295132            19          5
   15       2024-03      194        59  5.206031      0.091218   1110.865329             5          1
   16       2024-04      172        64 -3.906578     -0.027697   -346.999690             9          3
   17       2024-05      162        85 -1.210035     -0.009508    -88.421794            10          4
   18       2024-06      209        64 -6.525354     -0.044052   -572.115536            10          3
   19       2024-07      201        88 -3.304565     -0.017430   -170.892177            19          8
   20       2024-08      177        91  3.397938      0.031214    266.868550            13          6

Mean Sharpe (traded folds): -0.671
Median Sharpe (traded folds): -0.569
Folds with Sharpe>0: 10 / 20
