V4 daily pipeline | entry_z=2.5, z_window=60, hard_sl_z=4.5, hl=[5.0, 30.0]
Cost model: DYNAMIC (Week 5)
Carry-forward (E2): OFF (V4 force-close at EOM)
Folds: 39 | out_dir=results\v4\z25_dyncost
Loading daily cache from daily_phase3/ ...
  loaded 528 tickers in 1.0s
Loading Week 5 spread cache + kappa map...
  loaded 544223 daily spread rows, 526 tickers in kappa map (0.1s)

  Fold 01 [2023-01]: slicing daily cache for formation 2022-01-01 .. 2022-12-31
  Fold 01 [2023-01]: daily formation: 511 tickers
  [v4-discovery] 511 formation tickers
  [v4-discovery] hard screens: 506 survivors
  [v4-discovery] fitting factor model (PCA on daily returns)...
  [v4-discovery] running pairwise Johansen on 506 tickers (127765 pairs)...
  [v4-discovery] pairwise tests done: 127765 candidates
WARNING FALLBACK CAP: kept top 500 by p-value
  [v4-discovery] |beta|<=5 cap: 189 -> 175 (14 dropped)
  Fold 01 [2023-01]: discovery: 175 pairs after beta>0 | cum_var=0.623
  Fold 01 [2023-01]: slicing daily cache for trading 2023-01-01 .. 2023-01-31
  Fold 01 [2023-01]: daily trading: 512 tickers
  Fold 01 [2023-01]: trading residual: 20 bars x 506 tickers
  Fold 01 [2023-01]: complete in 31.6s | n_trades=31, sharpe=+3.302, total_return=+0.0080, exits z/sl/open=2/1/28
  Fold 02 [2023-02]: slicing daily cache for formation 2022-02-01 .. 2023-01-31
  Fold 02 [2023-02]: daily formation: 512 tickers
  [v4-discovery] 512 formation tickers
  [v4-discovery] hard screens: 506 survivors
  [v4-discovery] fitting factor model (PCA on daily returns)...
  [v4-discovery] running pairwise Johansen on 506 tickers (127765 pairs)...
  [v4-discovery] pairwise tests done: 127765 candidates
WARNING FALLBACK CAP: kept top 500 by p-value
  [v4-discovery] |beta|<=5 cap: 190 -> 173 (17 dropped)
  Fold 02 [2023-02]: discovery: 173 pairs after beta>0 | cum_var=0.614
  Fold 02 [2023-02]: slicing daily cache for trading 2023-02-01 .. 2023-02-28
  Fold 02 [2023-02]: daily trading: 512 tickers
  Fold 02 [2023-02]: trading residual: 19 bars x 506 tickers
  Fold 02 [2023-02]: complete in 34.3s | n_trades=36, sharpe=+3.510, total_return=+0.0069, exits z/sl/open=4/2/30
  Fold 03 [2023-03]: slicing daily cache for formation 2022-03-01 .. 2023-02-28
  Fold 03 [2023-03]: daily formation: 512 tickers
  [v4-discovery] 512 formation tickers
  [v4-discovery] hard screens: 506 survivors
  [v4-discovery] fitting factor model (PCA on daily returns)...
  [v4-discovery] running pairwise Johansen on 506 tickers (127765 pairs)...
  [v4-discovery] pairwise tests done: 127765 candidates
WARNING FALLBACK CAP: kept top 500 by p-value
  [v4-discovery] |beta|<=5 cap: 212 -> 196 (16 dropped)
  Fold 03 [2023-03]: discovery: 196 pairs after beta>0 | cum_var=0.615
  Fold 03 [2023-03]: slicing daily cache for trading 2023-03-01 .. 2023-03-31
  Fold 03 [2023-03]: daily trading: 512 tickers
  Fold 03 [2023-03]: trading residual: 23 bars x 506 tickers
  Fold 03 [2023-03]: complete in 33.9s | n_trades=67, sharpe=-3.064, total_return=-0.0251, exits z/sl/open=2/4/61
  Fold 04 [2023-04]: slicing daily cache for formation 2022-04-01 .. 2023-03-31
  Fold 04 [2023-04]: daily formation: 512 tickers
  [v4-discovery] 512 formation tickers
  [v4-discovery] hard screens: 507 survivors
  [v4-discovery] fitting factor model (PCA on daily returns)...
  [v4-discovery] running pairwise Johansen on 507 tickers (128271 pairs)...
  [v4-discovery] pairwise tests done: 128271 candidates
WARNING FALLBACK CAP: kept top 500 by p-value
  [v4-discovery] |beta|<=5 cap: 159 -> 144 (15 dropped)
  Fold 04 [2023-04]: discovery: 144 pairs after beta>0 | cum_var=0.616
  Fold 04 [2023-04]: slicing daily cache for trading 2023-04-01 .. 2023-04-30
  Fold 04 [2023-04]: daily trading: 512 tickers
  Fold 04 [2023-04]: trading residual: 19 bars x 507 tickers
  Fold 04 [2023-04]: complete in 33.2s | n_trades=16, sharpe=+3.245, total_return=+0.0041, exits z/sl/open=2/0/14
  Fold 05 [2023-05]: slicing daily cache for formation 2022-05-01 .. 2023-04-30
  Fold 05 [2023-05]: daily formation: 512 tickers
  [v4-discovery] 512 formation tickers
  [v4-discovery] hard screens: 508 survivors
  [v4-discovery] fitting factor model (PCA on daily returns)...
  [v4-discovery] running pairwise Johansen on 508 tickers (128778 pairs)...
  [v4-discovery] pairwise tests done: 128778 candidates
WARNING FALLBACK CAP: kept top 500 by p-value
  [v4-discovery] |beta|<=5 cap: 160 -> 125 (35 dropped)
  Fold 05 [2023-05]: discovery: 125 pairs after beta>0 | cum_var=0.612
  Fold 05 [2023-05]: slicing daily cache for trading 2023-05-01 .. 2023-05-31
  Fold 05 [2023-05]: daily trading: 514 tickers
  Fold 05 [2023-05]: trading residual: 22 bars x 508 tickers
  Fold 05 [2023-05]: complete in 32.1s | n_trades=10, sharpe=+2.142, total_return=+0.0017, exits z/sl/open=1/0/9
  Fold 06 [2023-06]: slicing daily cache for formation 2022-06-01 .. 2023-05-31
  Fold 06 [2023-06]: daily formation: 514 tickers
  [v4-discovery] 514 formation tickers
  [v4-discovery] hard screens: 510 survivors
  [v4-discovery] fitting factor model (PCA on daily returns)...
  [v4-discovery] running pairwise Johansen on 510 tickers (129795 pairs)...
  [v4-discovery] pairwise tests done: 129795 candidates
WARNING FALLBACK CAP: kept top 500 by p-value
  [v4-discovery] |beta|<=5 cap: 193 -> 170 (23 dropped)
  Fold 06 [2023-06]: discovery: 170 pairs after beta>0 | cum_var=0.596
  Fold 06 [2023-06]: slicing daily cache for trading 2023-06-01 .. 2023-06-30
  Fold 06 [2023-06]: daily trading: 514 tickers
  Fold 06 [2023-06]: trading residual: 21 bars x 510 tickers
  Fold 06 [2023-06]: complete in 33.4s | n_trades=29, sharpe=+1.813, total_return=+0.0048, exits z/sl/open=3/0/26
  Fold 07 [2023-07]: slicing daily cache for formation 2022-07-01 .. 2023-06-30
  Fold 07 [2023-07]: daily formation: 514 tickers
  [v4-discovery] 514 formation tickers
  [v4-discovery] hard screens: 510 survivors
  [v4-discovery] fitting factor model (PCA on daily returns)...
  [v4-discovery] running pairwise Johansen on 510 tickers (129795 pairs)...
  [v4-discovery] pairwise tests done: 129795 candidates
WARNING FALLBACK CAP: kept top 500 by p-value
  [v4-discovery] |beta|<=5 cap: 192 -> 165 (27 dropped)
  Fold 07 [2023-07]: discovery: 165 pairs after beta>0 | cum_var=0.595
  Fold 07 [2023-07]: slicing daily cache for trading 2023-07-01 .. 2023-07-31
  Fold 07 [2023-07]: daily trading: 514 tickers
  Fold 07 [2023-07]: trading residual: 20 bars x 509 tickers
  Fold 07 [2023-07]: complete in 32.7s | n_trades=22, sharpe=+2.073, total_return=+0.0027, exits z/sl/open=3/1/18
  Fold 08 [2023-08]: slicing daily cache for formation 2022-08-01 .. 2023-07-31
  Fold 08 [2023-08]: daily formation: 515 tickers
  [v4-discovery] 515 formation tickers
  [v4-discovery] hard screens: 509 survivors
  [v4-discovery] fitting factor model (PCA on daily returns)...
  [v4-discovery] running pairwise Johansen on 509 tickers (129286 pairs)...
  [v4-discovery] pairwise tests done: 129286 candidates
WARNING FALLBACK CAP: kept top 500 by p-value
  [v4-discovery] |beta|<=5 cap: 91 -> 64 (27 dropped)
  Fold 08 [2023-08]: discovery: 64 pairs after beta>0 | cum_var=0.491
  Fold 08 [2023-08]: slicing daily cache for trading 2023-08-01 .. 2023-08-31
  Fold 08 [2023-08]: daily trading: 515 tickers
  Fold 08 [2023-08]: trading residual: 23 bars x 509 tickers
  Fold 08 [2023-08]: complete in 33.6s | n_trades=2, sharpe=+4.184, total_return=+0.0014, exits z/sl/open=1/0/1
  Fold 09 [2023-09]: slicing daily cache for formation 2022-09-01 .. 2023-08-31
  Fold 09 [2023-09]: daily formation: 516 tickers
  [v4-discovery] 516 formation tickers
  [v4-discovery] hard screens: 509 survivors
  [v4-discovery] fitting factor model (PCA on daily returns)...
  [v4-discovery] running pairwise Johansen on 509 tickers (129286 pairs)...
  [v4-discovery] pairwise tests done: 129286 candidates
WARNING FALLBACK CAP: kept top 500 by p-value
  [v4-discovery] |beta|<=5 cap: 244 -> 136 (108 dropped)
  Fold 09 [2023-09]: discovery: 136 pairs after beta>0 | cum_var=0.489
  Fold 09 [2023-09]: slicing daily cache for trading 2023-09-01 .. 2023-09-30
  Fold 09 [2023-09]: daily trading: 516 tickers
  Fold 09 [2023-09]: trading residual: 20 bars x 509 tickers
  Fold 09 [2023-09]: complete in 34.1s | n_trades=19, sharpe=-1.756, total_return=-0.0032, exits z/sl/open=2/0/17
  Fold 10 [2023-10]: slicing daily cache for formation 2022-10-01 .. 2023-09-30
  Fold 10 [2023-10]: daily formation: 517 tickers
  [v4-discovery] 517 formation tickers
  [v4-discovery] hard screens: 509 survivors
  [v4-discovery] fitting factor model (PCA on daily returns)...
  [v4-discovery] running pairwise Johansen on 509 tickers (129286 pairs)...
  [v4-discovery] pairwise tests done: 129286 candidates
WARNING FALLBACK CAP: kept top 500 by p-value
  [v4-discovery] |beta|<=5 cap: 211 -> 162 (49 dropped)
  Fold 10 [2023-10]: discovery: 162 pairs after beta>0 | cum_var=0.480
  Fold 10 [2023-10]: slicing daily cache for trading 2023-10-01 .. 2023-10-31
  Fold 10 [2023-10]: daily trading: 517 tickers
  Fold 10 [2023-10]: trading residual: 22 bars x 509 tickers
  Fold 10 [2023-10]: complete in 34.3s | n_trades=26, sharpe=+5.283, total_return=+0.0093, exits z/sl/open=5/1/20
  Fold 11 [2023-11]: slicing daily cache for formation 2022-11-01 .. 2023-10-31
  Fold 11 [2023-11]: daily formation: 518 tickers
  [v4-discovery] 518 formation tickers
  [v4-discovery] hard screens: 510 survivors
  [v4-discovery] fitting factor model (PCA on daily returns)...
  [v4-discovery] running pairwise Johansen on 510 tickers (129795 pairs)...
  [v4-discovery] pairwise tests done: 129795 candidates
WARNING FALLBACK CAP: kept top 500 by p-value
  [v4-discovery] |beta|<=5 cap: 205 -> 181 (24 dropped)
  Fold 11 [2023-11]: discovery: 181 pairs after beta>0 | cum_var=0.468
  Fold 11 [2023-11]: slicing daily cache for trading 2023-11-01 .. 2023-11-30
  Fold 11 [2023-11]: daily trading: 517 tickers
  Fold 11 [2023-11]: trading residual: 21 bars x 510 tickers
  Fold 11 [2023-11]: complete in 33.6s | n_trades=28, sharpe=-3.679, total_return=-0.0066, exits z/sl/open=0/1/27
  Fold 12 [2023-12]: slicing daily cache for formation 2022-12-01 .. 2023-11-30
  Fold 12 [2023-12]: daily formation: 518 tickers
  [v4-discovery] 518 formation tickers
  [v4-discovery] hard screens: 511 survivors
  [v4-discovery] fitting factor model (PCA on daily returns)...
  [v4-discovery] running pairwise Johansen on 511 tickers (130305 pairs)...
  [v4-discovery] pairwise tests done: 130305 candidates
WARNING FALLBACK CAP: kept top 500 by p-value
  [v4-discovery] |beta|<=5 cap: 198 -> 182 (16 dropped)
  Fold 12 [2023-12]: discovery: 182 pairs after beta>0 | cum_var=0.422
  Fold 12 [2023-12]: slicing daily cache for trading 2023-12-01 .. 2023-12-31
  Fold 12 [2023-12]: daily trading: 517 tickers
  Fold 12 [2023-12]: trading residual: 20 bars x 511 tickers
  Fold 12 [2023-12]: complete in 32.6s | n_trades=33, sharpe=-1.806, total_return=-0.0033, exits z/sl/open=5/0/28
  Fold 13 [2024-01]: slicing daily cache for formation 2023-01-01 .. 2023-12-31
  Fold 13 [2024-01]: daily formation: 518 tickers
  [v4-discovery] 518 formation tickers
  [v4-discovery] hard screens: 511 survivors
  [v4-discovery] fitting factor model (PCA on daily returns)...
  [v4-discovery] running pairwise Johansen on 511 tickers (130305 pairs)...
  [v4-discovery] pairwise tests done: 130305 candidates
WARNING FALLBACK CAP: kept top 500 by p-value
  [v4-discovery] |beta|<=5 cap: 203 -> 187 (16 dropped)
  Fold 13 [2024-01]: discovery: 187 pairs after beta>0 | cum_var=0.423
  Fold 13 [2024-01]: slicing daily cache for trading 2024-01-01 .. 2024-01-31
  Fold 13 [2024-01]: daily trading: 517 tickers
  Fold 13 [2024-01]: trading residual: 21 bars x 511 tickers
  Fold 13 [2024-01]: complete in 33.2s | n_trades=50, sharpe=-2.969, total_return=-0.0087, exits z/sl/open=7/5/38
  Fold 14 [2024-02]: slicing daily cache for formation 2023-02-01 .. 2024-01-31
  Fold 14 [2024-02]: daily formation: 518 tickers
  [v4-discovery] 518 formation tickers
  [v4-discovery] hard screens: 511 survivors
  [v4-discovery] fitting factor model (PCA on daily returns)...
  [v4-discovery] running pairwise Johansen on 511 tickers (130305 pairs)...
  [v4-discovery] pairwise tests done: 130305 candidates
WARNING FALLBACK CAP: kept top 500 by p-value
  [v4-discovery] |beta|<=5 cap: 222 -> 208 (14 dropped)
  Fold 14 [2024-02]: discovery: 208 pairs after beta>0 | cum_var=0.411
  Fold 14 [2024-02]: slicing daily cache for trading 2024-02-01 .. 2024-02-29
  Fold 14 [2024-02]: daily trading: 517 tickers
  Fold 14 [2024-02]: trading residual: 20 bars x 511 tickers
  Fold 14 [2024-02]: complete in 33.8s | n_trades=35, sharpe=-5.119, total_return=-0.0110, exits z/sl/open=6/1/28
  Fold 15 [2024-03]: slicing daily cache for formation 2023-03-01 .. 2024-02-29
  Fold 15 [2024-03]: daily formation: 518 tickers
  [v4-discovery] 518 formation tickers
  [v4-discovery] hard screens: 511 survivors
  [v4-discovery] fitting factor model (PCA on daily returns)...
  [v4-discovery] running pairwise Johansen on 511 tickers (130305 pairs)...
  [v4-discovery] pairwise tests done: 130305 candidates
WARNING FALLBACK CAP: kept top 500 by p-value
  [v4-discovery] |beta|<=5 cap: 194 -> 146 (48 dropped)
  Fold 15 [2024-03]: discovery: 146 pairs after beta>0 | cum_var=0.399
  Fold 15 [2024-03]: slicing daily cache for trading 2024-03-01 .. 2024-03-31
  Fold 15 [2024-03]: daily trading: 518 tickers
  Fold 15 [2024-03]: trading residual: 19 bars x 511 tickers
  Fold 15 [2024-03]: complete in 28.1s | n_trades=27, sharpe=+3.388, total_return=+0.0045, exits z/sl/open=1/0/26
  Fold 16 [2024-04]: slicing daily cache for formation 2023-04-01 .. 2024-03-31
  Fold 16 [2024-04]: daily formation: 519 tickers
  [v4-discovery] 519 formation tickers
  [v4-discovery] hard screens: 512 survivors
  [v4-discovery] fitting factor model (PCA on daily returns)...
  [v4-discovery] running pairwise Johansen on 512 tickers (130816 pairs)...
  [v4-discovery] pairwise tests done: 130816 candidates
WARNING FALLBACK CAP: kept top 500 by p-value
  [v4-discovery] |beta|<=5 cap: 172 -> 147 (25 dropped)
  Fold 16 [2024-04]: discovery: 147 pairs after beta>0 | cum_var=0.372
  Fold 16 [2024-04]: slicing daily cache for trading 2024-04-01 .. 2024-04-30
  Fold 16 [2024-04]: daily trading: 520 tickers
  Fold 16 [2024-04]: trading residual: 22 bars x 512 tickers
  Fold 16 [2024-04]: complete in 27.6s | n_trades=36, sharpe=+2.822, total_return=+0.0063, exits z/sl/open=3/1/32
  Fold 17 [2024-05]: slicing daily cache for formation 2023-05-01 .. 2024-04-30
  Fold 17 [2024-05]: daily formation: 521 tickers
  [v4-discovery] 521 formation tickers
  [v4-discovery] hard screens: 513 survivors
  [v4-discovery] fitting factor model (PCA on daily returns)...
  [v4-discovery] running pairwise Johansen on 513 tickers (131328 pairs)...
  [v4-discovery] pairwise tests done: 131328 candidates
WARNING FALLBACK CAP: kept top 500 by p-value
  [v4-discovery] |beta|<=5 cap: 162 -> 149 (13 dropped)
  Fold 17 [2024-05]: discovery: 149 pairs after beta>0 | cum_var=0.366
  Fold 17 [2024-05]: slicing daily cache for trading 2024-05-01 .. 2024-05-31
  Fold 17 [2024-05]: daily trading: 520 tickers
  Fold 17 [2024-05]: trading residual: 22 bars x 513 tickers
  Fold 17 [2024-05]: complete in 28.5s | n_trades=51, sharpe=-0.557, total_return=-0.0018, exits z/sl/open=2/3/46
  Fold 18 [2024-06]: slicing daily cache for formation 2023-06-01 .. 2024-05-31
  Fold 18 [2024-06]: daily formation: 521 tickers
  [v4-discovery] 521 formation tickers
  [v4-discovery] hard screens: 514 survivors
  [v4-discovery] fitting factor model (PCA on daily returns)...
  [v4-discovery] running pairwise Johansen on 514 tickers (131841 pairs)...
  [v4-discovery] pairwise tests done: 131841 candidates
WARNING FALLBACK CAP: kept top 500 by p-value
  [v4-discovery] |beta|<=5 cap: 209 -> 195 (14 dropped)
  Fold 18 [2024-06]: discovery: 195 pairs after beta>0 | cum_var=0.356
  Fold 18 [2024-06]: slicing daily cache for trading 2024-06-01 .. 2024-06-30
  Fold 18 [2024-06]: daily trading: 520 tickers
  Fold 18 [2024-06]: trading residual: 19 bars x 514 tickers
  Fold 18 [2024-06]: complete in 28.2s | n_trades=32, sharpe=+0.959, total_return=+0.0017, exits z/sl/open=3/0/29
  Fold 19 [2024-07]: slicing daily cache for formation 2023-07-01 .. 2024-06-30
  Fold 19 [2024-07]: daily formation: 520 tickers
  [v4-discovery] 520 formation tickers
  [v4-discovery] hard screens: 514 survivors
  [v4-discovery] fitting factor model (PCA on daily returns)...
  [v4-discovery] running pairwise Johansen on 514 tickers (131841 pairs)...
  [v4-discovery] pairwise tests done: 131841 candidates
WARNING FALLBACK CAP: kept top 500 by p-value
  [v4-discovery] |beta|<=5 cap: 201 -> 180 (21 dropped)
  Fold 19 [2024-07]: discovery: 180 pairs after beta>0 | cum_var=0.514
  Fold 19 [2024-07]: slicing daily cache for trading 2024-07-01 .. 2024-07-31
  Fold 19 [2024-07]: daily trading: 521 tickers
  Fold 19 [2024-07]: trading residual: 22 bars x 514 tickers
  Fold 19 [2024-07]: complete in 27.3s | n_trades=54, sharpe=-2.363, total_return=-0.0067, exits z/sl/open=7/4/43
  Fold 20 [2024-08]: slicing daily cache for formation 2023-08-01 .. 2024-07-31
  Fold 20 [2024-08]: daily formation: 521 tickers
  [v4-discovery] 521 formation tickers
  [v4-discovery] hard screens: 515 survivors
  [v4-discovery] fitting factor model (PCA on daily returns)...
  [v4-discovery] running pairwise Johansen on 515 tickers (132355 pairs)...
  [v4-discovery] pairwise tests done: 132355 candidates
WARNING FALLBACK CAP: kept top 500 by p-value
  [v4-discovery] |beta|<=5 cap: 177 -> 158 (19 dropped)
  Fold 20 [2024-08]: discovery: 158 pairs after beta>0 | cum_var=0.536
  Fold 20 [2024-08]: slicing daily cache for trading 2024-08-01 .. 2024-08-31
  Fold 20 [2024-08]: daily trading: 521 tickers
  Fold 20 [2024-08]: trading residual: 22 bars x 515 tickers
  Fold 20 [2024-08]: complete in 27.8s | n_trades=53, sharpe=+0.203, total_return=+0.0009, exits z/sl/open=6/1/46
  Fold 21 [2024-09]: slicing daily cache for formation 2023-09-01 .. 2024-08-31
  Fold 21 [2024-09]: daily formation: 521 tickers
  [v4-discovery] 521 formation tickers
  [v4-discovery] hard screens: 517 survivors
  [v4-discovery] fitting factor model (PCA on daily returns)...
  [v4-discovery] running pairwise Johansen on 517 tickers (133386 pairs)...
  [v4-discovery] pairwise tests done: 133386 candidates
WARNING FALLBACK CAP: kept top 500 by p-value
  [v4-discovery] |beta|<=5 cap: 211 -> 197 (14 dropped)
  Fold 21 [2024-09]: discovery: 197 pairs after beta>0 | cum_var=0.537
  Fold 21 [2024-09]: slicing daily cache for trading 2024-09-01 .. 2024-09-30
  Fold 21 [2024-09]: daily trading: 521 tickers
  Fold 21 [2024-09]: trading residual: 20 bars x 517 tickers
  Fold 21 [2024-09]: complete in 27.9s | n_trades=43, sharpe=+3.441, total_return=+0.0084, exits z/sl/open=5/2/36
  Fold 22 [2024-10]: slicing daily cache for formation 2023-10-01 .. 2024-09-30
  Fold 22 [2024-10]: daily formation: 521 tickers
  [v4-discovery] 521 formation tickers
  [v4-discovery] hard screens: 517 survivors
  [v4-discovery] fitting factor model (PCA on daily returns)...
  [v4-discovery] running pairwise Johansen on 517 tickers (133386 pairs)...
  [v4-discovery] pairwise tests done: 133386 candidates
WARNING FALLBACK CAP: kept top 500 by p-value
  [v4-discovery] |beta|<=5 cap: 212 -> 203 (9 dropped)
  Fold 22 [2024-10]: discovery: 203 pairs after beta>0 | cum_var=0.501
  Fold 22 [2024-10]: slicing daily cache for trading 2024-10-01 .. 2024-10-31
  Fold 22 [2024-10]: daily trading: 522 tickers
  Fold 22 [2024-10]: trading residual: 23 bars x 517 tickers
  Fold 22 [2024-10]: complete in 28.1s | n_trades=65, sharpe=-3.667, total_return=-0.0112, exits z/sl/open=6/2/57
  Fold 23 [2024-11]: slicing daily cache for formation 2023-11-01 .. 2024-10-31
  Fold 23 [2024-11]: daily formation: 522 tickers
  [v4-discovery] 522 formation tickers
  [v4-discovery] hard screens: 517 survivors
  [v4-discovery] fitting factor model (PCA on daily returns)...
  [v4-discovery] running pairwise Johansen on 517 tickers (133386 pairs)...
  [v4-discovery] pairwise tests done: 133386 candidates
WARNING FALLBACK CAP: kept top 500 by p-value
  [v4-discovery] |beta|<=5 cap: 150 -> 137 (13 dropped)
  Fold 23 [2024-11]: discovery: 137 pairs after beta>0 | cum_var=0.475
  Fold 23 [2024-11]: slicing daily cache for trading 2024-11-01 .. 2024-11-30
  Fold 23 [2024-11]: daily trading: 522 tickers
  Fold 23 [2024-11]: trading residual: 20 bars x 517 tickers
  Fold 23 [2024-11]: complete in 27.5s | n_trades=41, sharpe=+1.490, total_return=+0.0067, exits z/sl/open=6/1/34
  Fold 24 [2024-12]: slicing daily cache for formation 2023-12-01 .. 2024-11-30
  Fold 24 [2024-12]: daily formation: 522 tickers
  [v4-discovery] 522 formation tickers
  [v4-discovery] hard screens: 517 survivors
  [v4-discovery] fitting factor model (PCA on daily returns)...
  [v4-discovery] running pairwise Johansen on 517 tickers (133386 pairs)...
  [v4-discovery] pairwise tests done: 133386 candidates
WARNING FALLBACK CAP: kept top 500 by p-value
  [v4-discovery] |beta|<=5 cap: 126 -> 116 (10 dropped)
  Fold 24 [2024-12]: discovery: 116 pairs after beta>0 | cum_var=0.466
  Fold 24 [2024-12]: slicing daily cache for trading 2024-12-01 .. 2024-12-31
  Fold 24 [2024-12]: daily trading: 522 tickers
  Fold 24 [2024-12]: trading residual: 21 bars x 517 tickers
  Fold 24 [2024-12]: complete in 27.8s | n_trades=30, sharpe=+1.193, total_return=+0.0045, exits z/sl/open=1/2/27
  Fold 25 [2025-01]: slicing daily cache for formation 2024-01-01 .. 2024-12-31
  Fold 25 [2025-01]: daily formation: 522 tickers
  [v4-discovery] 522 formation tickers
  [v4-discovery] hard screens: 517 survivors
  [v4-discovery] fitting factor model (PCA on daily returns)...
  [v4-discovery] running pairwise Johansen on 517 tickers (133386 pairs)...
  [v4-discovery] pairwise tests done: 133386 candidates
WARNING FALLBACK CAP: kept top 500 by p-value
  [v4-discovery] |beta|<=5 cap: 201 -> 195 (6 dropped)
  Fold 25 [2025-01]: discovery: 195 pairs after beta>0 | cum_var=0.440
  Fold 25 [2025-01]: slicing daily cache for trading 2025-01-01 .. 2025-01-31
  Fold 25 [2025-01]: daily trading: 523 tickers
  Fold 25 [2025-01]: trading residual: 20 bars x 517 tickers
  Fold 25 [2025-01]: complete in 28.3s | n_trades=69, sharpe=+3.966, total_return=+0.0163, exits z/sl/open=10/1/58
  Fold 26 [2025-02]: slicing daily cache for formation 2024-02-01 .. 2025-01-31
  Fold 26 [2025-02]: daily formation: 523 tickers
  [v4-discovery] 523 formation tickers
  [v4-discovery] hard screens: 517 survivors
  [v4-discovery] fitting factor model (PCA on daily returns)...
  [v4-discovery] running pairwise Johansen on 517 tickers (133386 pairs)...
  [v4-discovery] pairwise tests done: 133386 candidates
WARNING FALLBACK CAP: kept top 500 by p-value
  [v4-discovery] |beta|<=5 cap: 202 -> 181 (21 dropped)
  Fold 26 [2025-02]: discovery: 181 pairs after beta>0 | cum_var=0.435
  Fold 26 [2025-02]: slicing daily cache for trading 2025-02-01 .. 2025-02-28
  Fold 26 [2025-02]: daily trading: 524 tickers
  Fold 26 [2025-02]: trading residual: 19 bars x 517 tickers
  Fold 26 [2025-02]: complete in 28.0s | n_trades=45, sharpe=+5.643, total_return=+0.0163, exits z/sl/open=5/1/39
  Fold 27 [2025-03]: slicing daily cache for formation 2024-03-01 .. 2025-02-28
  Fold 27 [2025-03]: daily formation: 524 tickers
  [v4-discovery] 524 formation tickers
  [v4-discovery] hard screens: 520 survivors
  [v4-discovery] fitting factor model (PCA on daily returns)...
  [v4-discovery] running pairwise Johansen on 520 tickers (134940 pairs)...
  [v4-discovery] pairwise tests done: 134940 candidates
WARNING FALLBACK CAP: kept top 500 by p-value
  [v4-discovery] |beta|<=5 cap: 191 -> 187 (4 dropped)
  Fold 27 [2025-03]: discovery: 187 pairs after beta>0 | cum_var=0.458
  Fold 27 [2025-03]: slicing daily cache for trading 2025-03-01 .. 2025-03-31
  Fold 27 [2025-03]: daily trading: 524 tickers
  Fold 27 [2025-03]: trading residual: 21 bars x 520 tickers
  Fold 27 [2025-03]: complete in 28.1s | n_trades=34, sharpe=+5.288, total_return=+0.0094, exits z/sl/open=6/0/28
  Fold 28 [2025-04]: slicing daily cache for formation 2024-04-01 .. 2025-03-31
  Fold 28 [2025-04]: daily formation: 524 tickers
  [v4-discovery] 524 formation tickers
  [v4-discovery] hard screens: 520 survivors
  [v4-discovery] fitting factor model (PCA on daily returns)...
  [v4-discovery] running pairwise Johansen on 520 tickers (134940 pairs)...
  [v4-discovery] pairwise tests done: 134940 candidates
WARNING FALLBACK CAP: kept top 500 by p-value
  [v4-discovery] |beta|<=5 cap: 197 -> 149 (48 dropped)
  Fold 28 [2025-04]: discovery: 149 pairs after beta>0 | cum_var=0.455
  Fold 28 [2025-04]: slicing daily cache for trading 2025-04-01 .. 2025-04-30
  Fold 28 [2025-04]: daily trading: 524 tickers
  Fold 28 [2025-04]: trading residual: 21 bars x 520 tickers
  Fold 28 [2025-04]: complete in 27.9s | n_trades=43, sharpe=+3.819, total_return=+0.0195, exits z/sl/open=10/0/33
  Fold 29 [2025-05]: slicing daily cache for formation 2024-05-01 .. 2025-04-30
  Fold 29 [2025-05]: daily formation: 524 tickers
  [v4-discovery] 524 formation tickers
  [v4-discovery] hard screens: 520 survivors
  [v4-discovery] fitting factor model (PCA on daily returns)...
  [v4-discovery] running pairwise Johansen on 520 tickers (134940 pairs)...
  [v4-discovery] pairwise tests done: 134940 candidates
WARNING FALLBACK CAP: kept top 500 by p-value
  [v4-discovery] |beta|<=5 cap: 198 -> 186 (12 dropped)
  Fold 29 [2025-05]: discovery: 186 pairs after beta>0 | cum_var=0.502
  Fold 29 [2025-05]: slicing daily cache for trading 2025-05-01 .. 2025-05-31
  Fold 29 [2025-05]: daily trading: 524 tickers
  Fold 29 [2025-05]: trading residual: 21 bars x 520 tickers
  Fold 29 [2025-05]: complete in 27.7s | n_trades=18, sharpe=+3.269, total_return=+0.0067, exits z/sl/open=3/0/15
  Fold 30 [2025-06]: slicing daily cache for formation 2024-06-01 .. 2025-05-31
  Fold 30 [2025-06]: daily formation: 524 tickers
  [v4-discovery] 524 formation tickers
  [v4-discovery] hard screens: 521 survivors
  [v4-discovery] fitting factor model (PCA on daily returns)...
  [v4-discovery] running pairwise Johansen on 521 tickers (135460 pairs)...
  [v4-discovery] pairwise tests done: 135460 candidates
WARNING FALLBACK CAP: kept top 500 by p-value
  [v4-discovery] |beta|<=5 cap: 216 -> 208 (8 dropped)
  Fold 30 [2025-06]: discovery: 208 pairs after beta>0 | cum_var=0.501
  Fold 30 [2025-06]: slicing daily cache for trading 2025-06-01 .. 2025-06-30
  Fold 30 [2025-06]: daily trading: 524 tickers
  Fold 30 [2025-06]: trading residual: 20 bars x 521 tickers
  Fold 30 [2025-06]: complete in 28.0s | n_trades=20, sharpe=-2.157, total_return=-0.0019, exits z/sl/open=0/2/18
  Fold 31 [2025-07]: slicing daily cache for formation 2024-07-01 .. 2025-06-30
  Fold 31 [2025-07]: daily formation: 524 tickers
  [v4-discovery] 524 formation tickers
  [v4-discovery] hard screens: 521 survivors
  [v4-discovery] fitting factor model (PCA on daily returns)...
  [v4-discovery] running pairwise Johansen on 521 tickers (135460 pairs)...
  [v4-discovery] pairwise tests done: 135460 candidates
WARNING FALLBACK CAP: kept top 500 by p-value
  [v4-discovery] |beta|<=5 cap: 212 -> 192 (20 dropped)
  Fold 31 [2025-07]: discovery: 192 pairs after beta>0 | cum_var=0.483
  Fold 31 [2025-07]: slicing daily cache for trading 2025-07-01 .. 2025-07-31
  Fold 31 [2025-07]: daily trading: 524 tickers
  Fold 31 [2025-07]: trading residual: 22 bars x 521 tickers
  Fold 31 [2025-07]: complete in 28.6s | n_trades=40, sharpe=+0.409, total_return=+0.0007, exits z/sl/open=3/3/34
  Fold 32 [2025-08]: slicing daily cache for formation 2024-08-01 .. 2025-07-31
  Fold 32 [2025-08]: daily formation: 524 tickers
  [v4-discovery] 524 formation tickers
  [v4-discovery] hard screens: 521 survivors
  [v4-discovery] fitting factor model (PCA on daily returns)...
  [v4-discovery] running pairwise Johansen on 521 tickers (135460 pairs)...
  [v4-discovery] pairwise tests done: 135460 candidates
WARNING FALLBACK CAP: kept top 500 by p-value
  [v4-discovery] |beta|<=5 cap: 197 -> 184 (13 dropped)
  Fold 32 [2025-08]: discovery: 184 pairs after beta>0 | cum_var=0.489
  Fold 32 [2025-08]: slicing daily cache for trading 2025-08-01 .. 2025-08-31
  Fold 32 [2025-08]: daily trading: 525 tickers
  Fold 32 [2025-08]: trading residual: 21 bars x 521 tickers
  Fold 32 [2025-08]: complete in 28.1s | n_trades=44, sharpe=-1.060, total_return=-0.0040, exits z/sl/open=2/5/37
  Fold 33 [2025-09]: slicing daily cache for formation 2024-09-01 .. 2025-08-31
  Fold 33 [2025-09]: daily formation: 525 tickers
  [v4-discovery] 525 formation tickers
  [v4-discovery] hard screens: 522 survivors
  [v4-discovery] fitting factor model (PCA on daily returns)...
  [v4-discovery] running pairwise Johansen on 522 tickers (135981 pairs)...
  [v4-discovery] pairwise tests done: 135981 candidates
WARNING FALLBACK CAP: kept top 500 by p-value
  [v4-discovery] |beta|<=5 cap: 165 -> 156 (9 dropped)
  Fold 33 [2025-09]: discovery: 156 pairs after beta>0 | cum_var=0.503
  Fold 33 [2025-09]: slicing daily cache for trading 2025-09-01 .. 2025-09-30
  Fold 33 [2025-09]: daily trading: 525 tickers
  Fold 33 [2025-09]: trading residual: 21 bars x 522 tickers
  Fold 33 [2025-09]: complete in 29.0s | n_trades=16, sharpe=+3.202, total_return=+0.0043, exits z/sl/open=2/0/14
  Fold 34 [2025-10]: slicing daily cache for formation 2024-10-01 .. 2025-09-30
  Fold 34 [2025-10]: daily formation: 525 tickers
  [v4-discovery] 525 formation tickers
  [v4-discovery] hard screens: 522 survivors
  [v4-discovery] fitting factor model (PCA on daily returns)...
  [v4-discovery] running pairwise Johansen on 522 tickers (135981 pairs)...
  [v4-discovery] pairwise tests done: 135981 candidates
WARNING FALLBACK CAP: kept top 500 by p-value
  [v4-discovery] |beta|<=5 cap: 168 -> 149 (19 dropped)
  Fold 34 [2025-10]: discovery: 149 pairs after beta>0 | cum_var=0.488
  Fold 34 [2025-10]: slicing daily cache for trading 2025-10-01 .. 2025-10-31
  Fold 34 [2025-10]: daily trading: 525 tickers
  Fold 34 [2025-10]: trading residual: 23 bars x 522 tickers
  Fold 34 [2025-10]: complete in 28.5s | n_trades=34, sharpe=-1.415, total_return=-0.0039, exits z/sl/open=1/0/33
  Fold 35 [2025-11]: slicing daily cache for formation 2024-11-01 .. 2025-10-31
  Fold 35 [2025-11]: daily formation: 525 tickers
  [v4-discovery] 525 formation tickers
  [v4-discovery] hard screens: 522 survivors
  [v4-discovery] fitting factor model (PCA on daily returns)...
  [v4-discovery] running pairwise Johansen on 522 tickers (135981 pairs)...
  [v4-discovery] pairwise tests done: 135981 candidates
WARNING FALLBACK CAP: kept top 500 by p-value
  [v4-discovery] |beta|<=5 cap: 157 -> 141 (16 dropped)
  Fold 35 [2025-11]: discovery: 141 pairs after beta>0 | cum_var=0.483
  Fold 35 [2025-11]: slicing daily cache for trading 2025-11-01 .. 2025-11-30
  Fold 35 [2025-11]: daily trading: 527 tickers
  Fold 35 [2025-11]: trading residual: 19 bars x 522 tickers
  Fold 35 [2025-11]: complete in 28.8s | n_trades=30, sharpe=-6.144, total_return=-0.0111, exits z/sl/open=4/0/26
  Fold 36 [2025-12]: slicing daily cache for formation 2024-12-01 .. 2025-11-30
  Fold 36 [2025-12]: daily formation: 527 tickers
  [v4-discovery] 527 formation tickers
  [v4-discovery] hard screens: 522 survivors
  [v4-discovery] fitting factor model (PCA on daily returns)...
  [v4-discovery] running pairwise Johansen on 522 tickers (135981 pairs)...
  [v4-discovery] pairwise tests done: 135981 candidates
WARNING FALLBACK CAP: kept top 500 by p-value
  Fold 36 [2025-12]: discovery: 3 pairs after beta>0 | cum_var=0.496
  Fold 36 [2025-12]: slicing daily cache for trading 2025-12-01 .. 2025-12-31
  Fold 36 [2025-12]: daily trading: 527 tickers
  Fold 36 [2025-12]: trading residual: 22 bars x 522 tickers
  Fold 36 [2025-12]: complete in 28.2s | n_trades=0, sharpe=+0.000, total_return=+0.0000, exits z/sl/open=0/0/0
  Fold 37 [2026-01]: slicing daily cache for formation 2025-01-01 .. 2025-12-31
  Fold 37 [2026-01]: daily formation: 527 tickers
  [v4-discovery] 527 formation tickers
  [v4-discovery] hard screens: 523 survivors
  [v4-discovery] fitting factor model (PCA on daily returns)...
  [v4-discovery] running pairwise Johansen on 523 tickers (136503 pairs)...
  [v4-discovery] pairwise tests done: 136503 candidates
WARNING FALLBACK CAP: kept top 500 by p-value
  [v4-discovery] |beta|<=5 cap: 232 -> 203 (29 dropped)
  Fold 37 [2026-01]: discovery: 203 pairs after beta>0 | cum_var=0.496
  Fold 37 [2026-01]: slicing daily cache for trading 2026-01-01 .. 2026-01-31
  Fold 37 [2026-01]: daily trading: 528 tickers
  Fold 37 [2026-01]: trading residual: 20 bars x 523 tickers
  Fold 37 [2026-01]: complete in 28.9s | n_trades=54, sharpe=-7.370, total_return=-0.0152, exits z/sl/open=7/2/45
  Fold 38 [2026-02]: slicing daily cache for formation 2025-02-01 .. 2026-01-31
  Fold 38 [2026-02]: daily formation: 528 tickers
  [v4-discovery] 528 formation tickers
  [v4-discovery] hard screens: 524 survivors
  [v4-discovery] fitting factor model (PCA on daily returns)...
  [v4-discovery] running pairwise Johansen on 524 tickers (137026 pairs)...
  [v4-discovery] pairwise tests done: 137026 candidates
WARNING FALLBACK CAP: kept top 500 by p-value
  [v4-discovery] |beta|<=5 cap: 210 -> 202 (8 dropped)
  Fold 38 [2026-02]: discovery: 202 pairs after beta>0 | cum_var=0.482
  Fold 38 [2026-02]: slicing daily cache for trading 2026-02-01 .. 2026-02-28
  Fold 38 [2026-02]: daily trading: 528 tickers
  Fold 38 [2026-02]: trading residual: 19 bars x 524 tickers
  Fold 38 [2026-02]: complete in 28.8s | n_trades=80, sharpe=-2.461, total_return=-0.0155, exits z/sl/open=10/3/67
  Fold 39 [2026-03]: slicing daily cache for formation 2025-03-01 .. 2026-02-28
  Fold 39 [2026-03]: daily formation: 528 tickers
  [v4-discovery] 528 formation tickers
  [v4-discovery] hard screens: 524 survivors
  [v4-discovery] fitting factor model (PCA on daily returns)...
  [v4-discovery] running pairwise Johansen on 524 tickers (137026 pairs)...
  [v4-discovery] pairwise tests done: 137026 candidates
WARNING FALLBACK CAP: kept top 500 by p-value
  [v4-discovery] |beta|<=5 cap: 168 -> 158 (10 dropped)
  Fold 39 [2026-03]: discovery: 158 pairs after beta>0 | cum_var=0.462
  Fold 39 [2026-03]: slicing daily cache for trading 2026-03-01 .. 2026-03-31
  Fold 39 [2026-03]: daily trading: 528 tickers
  Fold 39 [2026-03]: trading residual: 14 bars x 524 tickers
  Fold 39 [2026-03]: complete in 28.4s | n_trades=20, sharpe=-4.354, total_return=-0.0042, exits z/sl/open=0/0/20

Wrote results\v4\z25_dyncost\fold_metrics.csv (39 rows)
 fold trading_month  n_pairs  n_trades    sharpe  total_return  avg_net_bps  n_zero_cross  n_hard_sl
    1       2023-01      175        31  3.302397      0.008048   209.212940             2          1
    2       2023-02      173        36  3.510196      0.006908   176.865861             4          2
    3       2023-03      196        67 -3.064257     -0.025132  -315.034310             2          4
    4       2023-04      144        16  3.245291      0.004103   196.911251             2          0
    5       2023-05      125        10  2.142377      0.001665   129.305966             1          0
    6       2023-06      170        29  1.812979      0.004761   130.658961             3          0
    7       2023-07      165        22  2.072929      0.002746   110.547836             3          1
    8       2023-08       64         2  4.183567      0.001442   721.006079             1          0
    9       2023-09      136        19 -1.756097     -0.003226  -143.077477             2          0
   10       2023-10      162        26  5.283371      0.009279   273.707927             5          1
   11       2023-11      181        28 -3.679346     -0.006586  -175.278672             0          1
   12       2023-12      182        33 -1.805718     -0.003329   -74.786546             5          0
   13       2024-01      187        50 -2.968671     -0.008691  -136.410569             7          5
   14       2024-02      208        35 -5.119498     -0.011027  -264.711870             6          1
   15       2024-03      146        27  3.388325      0.004483   117.880693             1          0
   16       2024-04      147        36  2.822105      0.006276   138.201416             3          1
   17       2024-05      149        51 -0.556543     -0.001760   -28.987678             2          3
   18       2024-06      195        32  0.958602      0.001714    46.699451             3          0
   19       2024-07      180        54 -2.362585     -0.006694  -108.186411             7          4
   20       2024-08      158        53  0.202859      0.000939    14.112140             6          1
   21       2024-09      197        43  3.440587      0.008425   146.483717             5          2
   22       2024-10      203        65 -3.667121     -0.011189  -149.407034             6          2
   23       2024-11      137        41  1.490067      0.006688   145.307350             6          1
   24       2024-12      116        30  1.193278      0.004453   137.223561             1          2
   25       2025-01      195        69  3.965938      0.016340   197.053248            10          1
   26       2025-02      181        45  5.643121      0.016285   325.153702             5          1
   27       2025-03      187        34  5.288470      0.009368   222.743082             6          0
   28       2025-04      149        43  3.819410      0.019519   429.321570            10          0
   29       2025-05      186        18  3.269050      0.006675   317.924268             3          0
   30       2025-06      208        20 -2.157109     -0.001867   -68.301805             0          2
   31       2025-07      192        40  0.408686      0.000715    16.463884             3          3
   32       2025-08      184        44 -1.059689     -0.004023   -85.520992             2          5
   33       2025-09      156        16  3.202239      0.004285   225.176315             2          0
   34       2025-10      149        34 -1.414859     -0.003888  -108.495722             1          0
   35       2025-11      141        30 -6.143933     -0.011114  -312.081515             4          0
   36       2025-12        3         0  0.000000      0.000000     0.000000             0          0
   37       2026-01      203        54 -7.369894     -0.015173  -267.182600             7          2
   38       2026-02      202        80 -2.461453     -0.015466  -187.445828            10          3
   39       2026-03      158        20 -4.353599     -0.004169  -164.069926             0          0

--- Aggregate across 38 traded folds ---
  Mean per-fold Sharpe   : +0.387
  Median per-fold Sharpe : +1.076
  Monthly Sharpe (ann.)  : +0.115   <-- standard backtest figure
  Sum total return       : +0.0118  (1.18%)
  Winning folds          : 22 / 38

--- Per-year regime check (not used for parameter selection) ---
      n_folds  mean_sharpe  sum_return
year                                  
2023       12       +1.271      +0.001
2024       12       -0.098      -0.006
2025       11       +1.347      +0.052
2026        3       -4.728      -0.035
